Archive member included because of file (symbol)

/home/siddian/Dropbox/ArduinoWorkspace/arduino_core/328P_16MHz/libarduino_core.a(HardwareSerial.o)
                              ./src/main.o (Serial)
/home/siddian/Dropbox/ArduinoWorkspace/arduino_core/328P_16MHz/libarduino_core.a(Print.o)
                              /home/siddian/Dropbox/ArduinoWorkspace/arduino_core/328P_16MHz/libarduino_core.a(HardwareSerial.o) (_ZN5Print5writeEPKhj)
/home/siddian/Dropbox/ArduinoWorkspace/arduino_core/328P_16MHz/libarduino_core.a(WString.o)
                              /home/siddian/Dropbox/ArduinoWorkspace/arduino_core/328P_16MHz/libarduino_core.a(Print.o) (_ZNK6StringixEj)
/home/siddian/Dropbox/ArduinoWorkspace/arduino_core/328P_16MHz/libarduino_core.a(main.o)
                              /usr/lib/gcc/avr/4.5.3/../../../avr/lib/avr5/crtm328p.o (main)
/home/siddian/Dropbox/ArduinoWorkspace/arduino_core/328P_16MHz/libarduino_core.a(new.o)
                              /home/siddian/Dropbox/ArduinoWorkspace/arduino_core/328P_16MHz/libarduino_core.a(HardwareSerial.o) (__cxa_pure_virtual)
/home/siddian/Dropbox/ArduinoWorkspace/arduino_core/328P_16MHz/libarduino_core.a(wiring.o)
                              ./src/main.o (millis)
/home/siddian/Dropbox/ArduinoWorkspace/arduino_core/328P_16MHz/libarduino_core.a(wiring_digital.o)
                              ./src/main.o (pinMode)
/home/siddian/Dropbox/ArduinoWorkspace/Wire/328P_16MHz/libWire.a(Wire.o)
                              ./src/main.o (_ZN7TwoWire5beginEv)
/home/siddian/Dropbox/ArduinoWorkspace/Wire/328P_16MHz/libWire.a(twi.o)
                              /home/siddian/Dropbox/ArduinoWorkspace/Wire/328P_16MHz/libWire.a(Wire.o) (twi_init)
/home/siddian/src/asrp/Arduino/libraries/L3G/Debug/libL3G.a(L3G.o)
                              ./src/main.o (_ZN3L3G8writeRegEhh)
/home/siddian/src/asrp/Arduino/libraries/LSM303/328P_16MHz/libLSM303.a(LSM303.o)
                              ./src/main.o (_ZN6LSM303C1Ev)
/usr/lib/gcc/avr/4.5.3/../../../avr/lib/avr5/libm.a(addsf3.o)
                              ./src/main.o (__subsf3)
/usr/lib/gcc/avr/4.5.3/../../../avr/lib/avr5/libm.a(addsf3x.o)
                              /usr/lib/gcc/avr/4.5.3/../../../avr/lib/avr5/libm.a(addsf3.o) (__addsf3x)
/usr/lib/gcc/avr/4.5.3/../../../avr/lib/avr5/libm.a(asin.o)
                              ./src/main.o (asin)
/usr/lib/gcc/avr/4.5.3/../../../avr/lib/avr5/libm.a(atan2.o)
                              ./src/main.o (atan2)
/usr/lib/gcc/avr/4.5.3/../../../avr/lib/avr5/libm.a(atan.o)
                              /usr/lib/gcc/avr/4.5.3/../../../avr/lib/avr5/libm.a(atan2.o) (atan)
/usr/lib/gcc/avr/4.5.3/../../../avr/lib/avr5/libm.a(cmpsf2.o)
                              ./src/main.o (__ltsf2)
/usr/lib/gcc/avr/4.5.3/../../../avr/lib/avr5/libm.a(cos.o)
                              ./src/main.o (cos)
/usr/lib/gcc/avr/4.5.3/../../../avr/lib/avr5/libm.a(divsf3.o)
                              ./src/main.o (__divsf3)
/usr/lib/gcc/avr/4.5.3/../../../avr/lib/avr5/libm.a(divsf3x.o)
                              /usr/lib/gcc/avr/4.5.3/../../../avr/lib/avr5/libm.a(divsf3.o) (__divsf3x)
/usr/lib/gcc/avr/4.5.3/../../../avr/lib/avr5/libm.a(fixsfsi.o)
                              ./src/main.o (__fixsfsi)
/usr/lib/gcc/avr/4.5.3/../../../avr/lib/avr5/libm.a(fixunssfsi.o)
                              /home/siddian/Dropbox/ArduinoWorkspace/arduino_core/328P_16MHz/libarduino_core.a(Print.o) (__fixunssfsi)
/usr/lib/gcc/avr/4.5.3/../../../avr/lib/avr5/libm.a(floatsisf.o)
                              /home/siddian/Dropbox/ArduinoWorkspace/arduino_core/328P_16MHz/libarduino_core.a(Print.o) (__floatunsisf)
/usr/lib/gcc/avr/4.5.3/../../../avr/lib/avr5/libm.a(fp_arccos.o)
                              /usr/lib/gcc/avr/4.5.3/../../../avr/lib/avr5/libm.a(asin.o) (__fp_arccos)
/usr/lib/gcc/avr/4.5.3/../../../avr/lib/avr5/libm.a(fp_cmp.o)
                              /usr/lib/gcc/avr/4.5.3/../../../avr/lib/avr5/libm.a(cmpsf2.o) (__fp_cmp)
/usr/lib/gcc/avr/4.5.3/../../../avr/lib/avr5/libm.a(fp_inf.o)
                              /usr/lib/gcc/avr/4.5.3/../../../avr/lib/avr5/libm.a(addsf3x.o) (__fp_inf)
/usr/lib/gcc/avr/4.5.3/../../../avr/lib/avr5/libm.a(fp_nan.o)
                              /usr/lib/gcc/avr/4.5.3/../../../avr/lib/avr5/libm.a(addsf3x.o) (__fp_nan)
/usr/lib/gcc/avr/4.5.3/../../../avr/lib/avr5/libm.a(fp_powser.o)
                              /usr/lib/gcc/avr/4.5.3/../../../avr/lib/avr5/libm.a(atan.o) (__fp_powser)
/usr/lib/gcc/avr/4.5.3/../../../avr/lib/avr5/libm.a(fp_powsodd.o)
                              /usr/lib/gcc/avr/4.5.3/../../../avr/lib/avr5/libm.a(asin.o) (__fp_powsodd)
/usr/lib/gcc/avr/4.5.3/../../../avr/lib/avr5/libm.a(fp_pscA.o)
                              /usr/lib/gcc/avr/4.5.3/../../../avr/lib/avr5/libm.a(addsf3x.o) (__fp_pscA)
/usr/lib/gcc/avr/4.5.3/../../../avr/lib/avr5/libm.a(fp_pscB.o)
[...]
Memory Configuration

Name             Origin             Length             Attributes
text             0x0000000000000000 0x0000000000020000 xr
data             0x0000000000800060 0x000000000000ffa0 rw !x
eeprom           0x0000000000810000 0x0000000000010000 rw !x
fuse             0x0000000000820000 0x0000000000000400 rw !x
lock             0x0000000000830000 0x0000000000000400 rw !x
signature        0x0000000000840000 0x0000000000000400 rw !x
*default*        0x0000000000000000 0xffffffffffffffff

Linker script and memory map

Address of section .data set to 0x800100
LOAD /usr/lib/gcc/avr/4.5.3/../../../avr/lib/avr5/crtm328p.o
LOAD ./src/main.o
LOAD /home/siddian/Dropbox/ArduinoWorkspace/arduino_core/328P_16MHz/libarduino_core.a
LOAD /home/siddian/Dropbox/ArduinoWorkspace/Wire/328P_16MHz/libWire.a
LOAD /home/siddian/src/asrp/Arduino/libraries/L3G/Debug/libL3G.a
LOAD /home/siddian/src/asrp/Arduino/libraries/LSM303/328P_16MHz/libLSM303.a
LOAD /usr/lib/gcc/avr/4.5.3/../../../avr/lib/avr5/libm.a
LOAD /usr/lib/gcc/avr/4.5.3/avr5/libgcc.a
LOAD /usr/lib/gcc/avr/4.5.3/../../../avr/lib/avr5/libm.a
LOAD /usr/lib/gcc/avr/4.5.3/avr5/libgcc.a
LOAD /usr/lib/gcc/avr/4.5.3/../../../avr/lib/avr5/libc.a
LOAD /usr/lib/gcc/avr/4.5.3/avr5/libgcc.a

.hash
 *(.hash)

.dynsym
 *(.dynsym)

.dynstr
 *(.dynstr)

.gnu.version
 *(.gnu.version)

.gnu.version_d
 *(.gnu.version_d)

.gnu.version_r
 *(.gnu.version_r)

.rel.init
 *(.rel.init)

.rela.init
 *(.rela.init)

.rel.text
 *(.rel.text)
 *(.rel.text.*)
 *(.rel.gnu.linkonce.t*)

.rela.text
 *(.rela.text)
 *(.rela.text.*)
 *(.rela.gnu.linkonce.t*)

.rel.fini
 *(.rel.fini)

.rela.fini
 *(.rela.fini)

.rel.rodata
 *(.rel.rodata)
 *(.rel.rodata.*)
 *(.rel.gnu.linkonce.r*)

.rela.rodata
 *(.rela.rodata)
 *(.rela.rodata.*)
 *(.rela.gnu.linkonce.r*)

.rel.data
 *(.rel.data)
 *(.rel.data.*)
 *(.rel.gnu.linkonce.d*)

.rela.data
 *(.rela.data)
 *(.rela.data.*)
 *(.rela.gnu.linkonce.d*)

.rel.ctors
 *(.rel.ctors)

.rela.ctors
 *(.rela.ctors)

.rel.dtors
 *(.rel.dtors)

.rela.dtors
 *(.rela.dtors)

.rel.got
 *(.rel.got)

.rela.got
 *(.rela.got)

.rel.bss
 *(.rel.bss)

.rela.bss
 *(.rela.bss)

.rel.plt
 *(.rel.plt)

.rela.plt
 *(.rela.plt)

.text           0x0000000000000000     0x5e3e
 *(.vectors)
 .vectors       0x0000000000000000       0x68 /usr/lib/gcc/avr/4.5.3/../../../avr/lib/avr5/crtm328p.o
                0x0000000000000000                __vectors
                0x0000000000000000                __vector_default
 *(.vectors)
 *(.progmem.gcc*)
 .progmem.gcc_fplib
                0x0000000000000068       0x14 /usr/lib/gcc/avr/4.5.3/../../../avr/lib/avr5/libm.a(asin.o)
 .progmem.gcc_fplib
                0x000000000000007c       0x2d /usr/lib/gcc/avr/4.5.3/../../../avr/lib/avr5/libm.a(atan.o)
 .progmem.gcc_fplib
                0x00000000000000a9       0x28 /usr/lib/gcc/avr/4.5.3/../../../avr/lib/avr5/libm.a(fp_arccos.o)
 .progmem.gcc_fplib
                0x00000000000000d1       0x1e /usr/lib/gcc/avr/4.5.3/../../../avr/lib/avr5/libm.a(fp_sinus.o)
 *(.progmem*)
 .progmem.data  0x00000000000000ef       0x5a /home/siddian/Dropbox/ArduinoWorkspace/arduino_core/328P_16MHz/libarduino_core.a(wiring_digital.o)
                0x00000000000000ef                port_to_mode_PGM
                0x00000000000000f9                port_to_output_PGM
                0x0000000000000103                port_to_input_PGM
                0x000000000000010d                digital_pin_to_port_PGM
                0x0000000000000121                digital_pin_to_bit_mask_PGM
                0x0000000000000135                digital_pin_to_timer_PGM
                0x000000000000014a                . = ALIGN (0x2)
 *fill*         0x0000000000000149        0x1 00
                0x000000000000014a                __trampolines_start = .
 *(.trampolines)
 .trampolines   0x000000000000014a        0x0 linker stubs
 *(.trampolines*)
                0x000000000000014a                __trampolines_end = .
 *(.jumptables)
 *(.jumptables*)
 *(.lowtext)
 *(.lowtext*)
                0x000000000000014a                __ctors_start = .
 *(.ctors)
 .ctors         0x000000000000014a        0x2 ./src/main.o
 .ctors         0x000000000000014c        0x2 /home/siddian/Dropbox/ArduinoWorkspace/arduino_core/328P_16MHz/libarduino_core.a(HardwareSerial.o)
 .ctors         0x000000000000014e        0x2 /home/siddian/Dropbox/ArduinoWorkspace/Wire/328P_16MHz/libWire.a(Wire.o)
                0x0000000000000150                __ctors_end = .
                0x0000000000000150                __dtors_start = .
 *(.dtors)
                0x0000000000000150                __dtors_end = .
 SORT(*)(.ctors)
 SORT(*)(.dtors)
 *(.init0)
 .init0         0x0000000000000150        0x0 /usr/lib/gcc/avr/4.5.3/../../../avr/lib/avr5/crtm328p.o
                0x0000000000000150                __init
 *(.init0)
 *(.init1)
 *(.init1)
 *(.init2)
 .init2         0x0000000000000150        0xc /usr/lib/gcc/avr/4.5.3/../../../avr/lib/avr5/crtm328p.o
 *(.init2)
 *(.init3)
 *(.init3)
 *(.init4)
 .init4         0x000000000000015c       0x16 /usr/lib/gcc/avr/4.5.3/avr5/libgcc.a(_copy_data.o)
                0x000000000000015c                __do_copy_data
 .init4         0x0000000000000172       0x10 /usr/lib/gcc/avr/4.5.3/avr5/libgcc.a(_clear_bss.o)
                0x0000000000000172                __do_clear_bss
 *(.init4)
 *(.init5)
 *(.init5)
 *(.init6)
 .init6         0x0000000000000182       0x16 /usr/lib/gcc/avr/4.5.3/avr5/libgcc.a(_ctors.o)
                0x0000000000000182                __do_global_ctors
 *(.init6)
 *(.init7)
 *(.init7)
 *(.init8)
 *(.init8)
 *(.init9)
 .init9         0x0000000000000198        0x8 /usr/lib/gcc/avr/4.5.3/../../../avr/lib/avr5/crtm328p.o
 *(.init9)
 *(.text)
 .text          0x00000000000001a0        0x4 /usr/lib/gcc/avr/4.5.3/../../../avr/lib/avr5/crtm328p.o
                0x00000000000001a0                __vector_22
                0x00000000000001a0                __vector_1
                0x00000000000001a0                __vector_24
                0x00000000000001a0                __vector_12
                0x00000000000001a0                __bad_interrupt
                0x00000000000001a0                __vector_6
                0x00000000000001a0                __vector_3
                0x00000000000001a0                __vector_23
                0x00000000000001a0                __vector_25
                0x00000000000001a0                __vector_11
                0x00000000000001a0                __vector_13
                0x00000000000001a0                __vector_7
                0x00000000000001a0                __vector_5
                0x00000000000001a0                __vector_4
                0x00000000000001a0                __vector_9
                0x00000000000001a0                __vector_2
                0x00000000000001a0                __vector_21
                0x00000000000001a0                __vector_15
                0x00000000000001a0                __vector_8
                0x00000000000001a0                __vector_14
                0x00000000000001a0                __vector_10
                0x00000000000001a0                __vector_20
 .text          0x00000000000001a4        0x0 ./src/main.o
 .text          0x00000000000001a4        0x0 /home/siddian/Dropbox/ArduinoWorkspace/arduino_core/328P_16MHz/libarduino_core.a(HardwareSerial.o)
 .text          0x00000000000001a4        0x0 /home/siddian/Dropbox/ArduinoWorkspace/arduino_core/328P_16MHz/libarduino_core.a(Print.o)
 .text          0x00000000000001a4        0x0 /home/siddian/Dropbox/ArduinoWorkspace/arduino_core/328P_16MHz/libarduino_core.a(WString.o)
 .text          0x00000000000001a4        0x0 /home/siddian/Dropbox/ArduinoWorkspace/arduino_core/328P_16MHz/libarduino_core.a(main.o)
 .text          0x00000000000001a4        0x0 /home/siddian/Dropbox/ArduinoWorkspace/arduino_core/328P_16MHz/libarduino_core.a(new.o)
 .text          0x00000000000001a4        0x0 /home/siddian/Dropbox/ArduinoWorkspace/arduino_core/328P_16MHz/libarduino_core.a(wiring.o)
 .text          0x00000000000001a4        0x0 /home/siddian/Dropbox/ArduinoWorkspace/arduino_core/328P_16MHz/libarduino_core.a(wiring_digital.o)
 .text          0x00000000000001a4        0x0 /home/siddian/Dropbox/ArduinoWorkspace/Wire/328P_16MHz/libWire.a(Wire.o)
 .text          0x00000000000001a4        0x0 /home/siddian/Dropbox/ArduinoWorkspace/Wire/328P_16MHz/libWire.a(twi.o)
 .text          0x00000000000001a4        0x0 /home/siddian/src/asrp/Arduino/libraries/L3G/Debug/libL3G.a(L3G.o)
 .text          0x00000000000001a4        0x0 /home/siddian/src/asrp/Arduino/libraries/LSM303/328P_16MHz/libLSM303.a(LSM303.o)
 .text          0x00000000000001a4        0x0 /usr/lib/gcc/avr/4.5.3/../../../avr/lib/avr5/libm.a(addsf3.o)
 .text          0x00000000000001a4        0x0 /usr/lib/gcc/avr/4.5.3/../../../avr/lib/avr5/libm.a(addsf3x.o)
 .text          0x00000000000001a4        0x0 /usr/lib/gcc/avr/4.5.3/../../../avr/lib/avr5/libm.a(asin.o)
 .text          0x00000000000001a4        0x0 /usr/lib/gcc/avr/4.5.3/../../../avr/lib/avr5/libm.a(atan2.o)
 .text          0x00000000000001a4        0x0 /usr/lib/gcc/avr/4.5.3/../../../avr/lib/avr5/libm.a(atan.o)
 .text          0x00000000000001a4        0x0 /usr/lib/gcc/avr/4.5.3/../../../avr/lib/avr5/libm.a(cmpsf2.o)
 .text          0x00000000000001a4        0x0 /usr/lib/gcc/avr/4.5.3/../../../avr/lib/avr5/libm.a(cos.o)
 .text          0x00000000000001a4        0x0 /usr/lib/gcc/avr/4.5.3/../../../avr/lib/avr5/libm.a(divsf3.o)
 .text          0x00000000000001a4        0x0 /usr/lib/gcc/avr/4.5.3/../../../avr/lib/avr5/libm.a(divsf3x.o)
 .text          0x00000000000001a4        0x0 /usr/lib/gcc/avr/4.5.3/../../../avr/lib/avr5/libm.a(fixsfsi.o)
 .text          0x00000000000001a4        0x0 /usr/lib/gcc/avr/4.5.3/../../../avr/lib/avr5/libm.a(fixunssfsi.o)
 .text          0x00000000000001a4        0x0 /usr/lib/gcc/avr/4.5.3/../../../avr/lib/avr5/libm.a(floatsisf.o)
 .text          0x00000000000001a4        0x0 /usr/lib/gcc/avr/4.5.3/../../../avr/lib/avr5/libm.a(fp_arccos.o)
 .text          0x00000000000001a4        0x0 /usr/lib/gcc/avr/4.5.3/../../../avr/lib/avr5/libm.a(fp_cmp.o)
 .text          0x00000000000001a4        0x0 /usr/lib/gcc/avr/4.5.3/../../../avr/lib/avr5/libm.a(fp_inf.o)
 .text          0x00000000000001a4        0x0 /usr/lib/gcc/avr/4.5.3/../../../avr/lib/avr5/libm.a(fp_nan.o)
 .text          0x00000000000001a4        0x0 /usr/lib/gcc/avr/4.5.3/../../../avr/lib/avr5/libm.a(fp_powser.o)
 .text          0x00000000000001a4        0x0 /usr/lib/gcc/avr/4.5.3/../../../avr/lib/avr5/libm.a(fp_powsodd.o)
 .text          0x00000000000001a4        0x0 /usr/lib/gcc/avr/4.5.3/../../../avr/lib/avr5/libm.a(fp_pscA.o)
 .text          0x00000000000001a4        0x0 /usr/lib/gcc/avr/4.5.3/../../../avr/lib/avr5/libm.a(fp_pscB.o)
 .text          0x00000000000001a4        0x0 /usr/lib/gcc/avr/4.5.3/../../../avr/lib/avr5/libm.a(fp_rempio2.o)
 .text          0x00000000000001a4        0x0 /usr/lib/gcc/avr/4.5.3/../../../avr/lib/avr5/libm.a(fp_round.o)
 .text          0x00000000000001a4        0x0 /usr/lib/gcc/avr/4.5.3/../../../avr/lib/avr5/libm.a(fp_sinus.o)
 .text          0x00000000000001a4        0x0 /usr/lib/gcc/avr/4.5.3/../../../avr/lib/avr5/libm.a(fp_split3.o)
 .text          0x00000000000001a4        0x0 /usr/lib/gcc/avr/4.5.3/../../../avr/lib/avr5/libm.a(fp_zero.o)
 .text          0x00000000000001a4        0x0 /usr/lib/gcc/avr/4.5.3/../../../avr/lib/avr5/libm.a(gesf2.o)
 .text          0x00000000000001a4        0x0 /usr/lib/gcc/avr/4.5.3/../../../avr/lib/avr5/libm.a(inverse.o)
 .text          0x00000000000001a4        0x0 /usr/lib/gcc/avr/4.5.3/../../../avr/lib/avr5/libm.a(mulsf3.o)
 .text          0x00000000000001a4        0x0 /usr/lib/gcc/avr/4.5.3/../../../avr/lib/avr5/libm.a(mulsf3x.o)
 .text          0x00000000000001a4        0x0 /usr/lib/gcc/avr/4.5.3/../../../avr/lib/avr5/libm.a(sin.o)
 .text          0x00000000000001a4        0x0 /usr/lib/gcc/avr/4.5.3/../../../avr/lib/avr5/libm.a(sqrt.o)
 .text          0x00000000000001a4        0x0 /usr/lib/gcc/avr/4.5.3/../../../avr/lib/avr5/libm.a(square.o)
 .text          0x00000000000001a4        0x0 /usr/lib/gcc/avr/4.5.3/../../../avr/lib/avr5/libm.a(unordsf2.o)
 .text          0x00000000000001a4        0x0 /usr/lib/gcc/avr/4.5.3/../../../avr/lib/avr5/libm.a(fp_mpack.o)
 .text          0x00000000000001a4        0x0 /usr/lib/gcc/avr/4.5.3/../../../avr/lib/avr5/libm.a(fp_norm2.o)
 .text          0x00000000000001a4        0x0 /usr/lib/gcc/avr/4.5.3/avr5/libgcc.a(_divmodhi4.o)
 .text          0x00000000000001a4        0x0 /usr/lib/gcc/avr/4.5.3/avr5/libgcc.a(_udivmodsi4.o)
 .text          0x00000000000001a4        0x0 /usr/lib/gcc/avr/4.5.3/avr5/libgcc.a(_exit.o)
 .text          0x00000000000001a4        0x0 /usr/lib/gcc/avr/4.5.3/avr5/libgcc.a(_copy_data.o)
 .text          0x00000000000001a4        0x0 /usr/lib/gcc/avr/4.5.3/avr5/libgcc.a(_clear_bss.o)
 .text          0x00000000000001a4        0x0 /usr/lib/gcc/avr/4.5.3/avr5/libgcc.a(_ctors.o)
 .text          0x00000000000001a4        0x0 /usr/lib/gcc/avr/4.5.3/avr5/libgcc.a(_udivmodhi4.o)
 .text          0x00000000000001a4        0x0 /usr/lib/gcc/avr/4.5.3/avr5/libgcc.a(_tablejump.o)
 .text          0x00000000000001a4        0x0 /usr/lib/gcc/avr/4.5.3/../../../avr/lib/avr5/libc.a(malloc.o)
 .text          0x00000000000001a4        0x0 /usr/lib/gcc/avr/4.5.3/../../../avr/lib/avr5/libc.a(realloc.o)
 .text          0x00000000000001a4        0x0 /usr/lib/gcc/avr/4.5.3/../../../avr/lib/avr5/libc.a(atol.o)
 .text          0x00000000000001a4        0x0 /usr/lib/gcc/avr/4.5.3/../../../avr/lib/avr5/libc.a(isspace.o)
 .text          0x00000000000001a4        0x0 /usr/lib/gcc/avr/4.5.3/../../../avr/lib/avr5/libc.a(tolower.o)
 .text          0x00000000000001a4        0x0 /usr/lib/gcc/avr/4.5.3/../../../avr/lib/avr5/libc.a(toupper.o)
 .text          0x00000000000001a4        0x0 /usr/lib/gcc/avr/4.5.3/../../../avr/lib/avr5/libc.a(memcpy.o)
 .text          0x00000000000001a4        0x0 /usr/lib/gcc/avr/4.5.3/../../../avr/lib/avr5/libc.a(memmove.o)
 .text          0x00000000000001a4        0x0 /usr/lib/gcc/avr/4.5.3/../../../avr/lib/avr5/libc.a(strchr.o)
 .text          0x00000000000001a4        0x0 /usr/lib/gcc/avr/4.5.3/../../../avr/lib/avr5/libc.a(strcmp.o)
 .text          0x00000000000001a4        0x0 /usr/lib/gcc/avr/4.5.3/../../../avr/lib/avr5/libc.a(strcpy.o)
 .text          0x00000000000001a4        0x0 /usr/lib/gcc/avr/4.5.3/../../../avr/lib/avr5/libc.a(strncmp.o)
 .text          0x00000000000001a4        0x0 /usr/lib/gcc/avr/4.5.3/../../../avr/lib/avr5/libc.a(strncpy.o)
 .text          0x00000000000001a4        0x0 /usr/lib/gcc/avr/4.5.3/../../../avr/lib/avr5/libc.a(strrchr.o)
 .text          0x00000000000001a4        0x0 /usr/lib/gcc/avr/4.5.3/../../../avr/lib/avr5/libc.a(strstr.o)
 .text          0x00000000000001a4        0x0 /usr/lib/gcc/avr/4.5.3/../../../avr/lib/avr5/libc.a(itoa.o)
 .text          0x00000000000001a4        0x0 /usr/lib/gcc/avr/4.5.3/../../../avr/lib/avr5/libc.a(ltoa.o)
 .text          0x00000000000001a4        0x0 /usr/lib/gcc/avr/4.5.3/../../../avr/lib/avr5/libc.a(mulsi10.o)
 .text          0x00000000000001a4        0x0 /usr/lib/gcc/avr/4.5.3/../../../avr/lib/avr5/libc.a(ultoa.o)
 .text          0x00000000000001a4        0x0 /usr/lib/gcc/avr/4.5.3/../../../avr/lib/avr5/libc.a(utoa.o)
 .text          0x00000000000001a4        0x0 /usr/lib/gcc/avr/4.5.3/../../../avr/lib/avr5/libc.a(cty_isfalse.o)
 .text          0x00000000000001a4        0x0 /usr/lib/gcc/avr/4.5.3/../../../avr/lib/avr5/libc.a(strrev.o)
 .text          0x00000000000001a4        0x0 /usr/lib/gcc/avr/4.5.3/avr5/libgcc.a(_prologue.o)
 .text          0x00000000000001a4        0x0 /usr/lib/gcc/avr/4.5.3/avr5/libgcc.a(_epilogue.o)
                0x00000000000001a4                . = ALIGN (0x2)
 *(.text.*)
 .text._Z14convert_to_decf
                0x00000000000001a4       0x12 ./src/main.o
                0x00000000000001a4                _Z14convert_to_decf
 .text._Z9printdatav
                0x00000000000001b6       0xc2 ./src/main.o
                0x00000000000001b6                _Z9printdatav
 .text._Z15Matrix_MultiplyPA3_fS0_S0_
                0x0000000000000278      0x134 ./src/main.o
                0x0000000000000278                _Z15Matrix_MultiplyPA3_fS0_S0_
 .text._Z8I2C_Initv
                0x00000000000003ac        0xa ./src/main.o
                0x00000000000003ac                _Z8I2C_Initv
 .text._Z9Gyro_Initv
                0x00000000000003b6       0x2c ./src/main.o
                0x00000000000003b6                _Z9Gyro_Initv
 .text._Z9Read_Gyrov
                0x00000000000003e2       0xf2 ./src/main.o
                0x00000000000003e2                _Z9Read_Gyrov
 .text._Z10Accel_Initv
                0x00000000000004d4       0x50 ./src/main.o
                0x00000000000004d4                _Z10Accel_Initv
 .text._Z10Read_Accelv
                0x0000000000000524       0xf2 ./src/main.o
                0x0000000000000524                _Z10Read_Accelv
 .text._Z12Compass_Initv
                0x0000000000000616        0xe ./src/main.o
                0x0000000000000616                _Z12Compass_Initv
 .text.setup    0x0000000000000624      0x146 ./src/main.o
                0x0000000000000624                setup
 .text._Z12Read_Compassv
                0x000000000000076a       0xa6 ./src/main.o
                0x000000000000076a                _Z12Read_Compassv
 .text._Z18Vector_Dot_ProductPfS_
                0x0000000000000810       0x86 ./src/main.o
                0x0000000000000810                _Z18Vector_Dot_ProductPfS_
 .text._Z20Vector_Cross_ProductPfS_S_
                0x0000000000000896      0x102 ./src/main.o
                0x0000000000000896                _Z20Vector_Cross_ProductPfS_S_
 .text._Z12Vector_ScalePfS_f
                0x0000000000000998       0x74 ./src/main.o
                0x0000000000000998                _Z12Vector_ScalePfS_f
 .text._Z10Vector_AddPfS_S_
                0x0000000000000a0c       0x62 ./src/main.o
                0x0000000000000a0c                _Z10Vector_AddPfS_S_
 .text._Z9Normalizev
                0x0000000000000a6e      0x172 ./src/main.o
                0x0000000000000a6e                _Z9Normalizev
 .text._Z16Drift_correctionv
                0x0000000000000be0      0x324 ./src/main.o
                0x0000000000000be0                _Z16Drift_correctionv
 .text._Z13Matrix_updatev
                0x0000000000000f04      0x366 ./src/main.o
                0x0000000000000f04                _Z13Matrix_updatev
 .text._Z12Euler_anglesv
                0x000000000000126a       0x90 ./src/main.o
                0x000000000000126a                _Z12Euler_anglesv
 .text._Z15Compass_Headingv
                0x00000000000012fa      0x348 ./src/main.o
                0x00000000000012fa                _Z15Compass_Headingv
 .text.loop     0x0000000000001642      0x110 ./src/main.o
                0x0000000000001642                loop
 .text._GLOBAL__I_SENSOR_SIGN
                0x0000000000001752        0xa ./src/main.o
 .text._ZN14HardwareSerial9availableEv
                0x000000000000175c       0x26 /home/siddian/Dropbox/ArduinoWorkspace/arduino_core/328P_16MHz/libarduino_core.a(HardwareSerial.o)
                0x000000000000175c                _ZN14HardwareSerial9availableEv
 .text._ZN14HardwareSerial4peekEv
                0x0000000000001782       0x38 /home/siddian/Dropbox/ArduinoWorkspace/arduino_core/328P_16MHz/libarduino_core.a(HardwareSerial.o)
                0x0000000000001782                _ZN14HardwareSerial4peekEv
 .text._ZN14HardwareSerial4readEv
                0x00000000000017ba       0x44 /home/siddian/Dropbox/ArduinoWorkspace/arduino_core/328P_16MHz/libarduino_core.a(HardwareSerial.o)
                0x00000000000017ba                _ZN14HardwareSerial4readEv
 .text._ZN14HardwareSerial5flushEv
                0x00000000000017fe       0x16 /home/siddian/Dropbox/ArduinoWorkspace/arduino_core/328P_16MHz/libarduino_core.a(HardwareSerial.o)
                0x00000000000017fe                _ZN14HardwareSerial5flushEv
 .text._ZN14HardwareSerial5writeEh
                0x0000000000001814       0x78 /home/siddian/Dropbox/ArduinoWorkspace/arduino_core/328P_16MHz/libarduino_core.a(HardwareSerial.o)
                0x0000000000001814                _ZN14HardwareSerial5writeEh
 .text._Z10store_charhP11ring_buffer
                0x000000000000188c       0x34 /home/siddian/Dropbox/ArduinoWorkspace/arduino_core/328P_16MHz/libarduino_core.a(HardwareSerial.o)
                0x000000000000188c                _Z10store_charhP11ring_buffer
 .text._Z11serialEventv
                0x00000000000018c0        0x2 /home/siddian/Dropbox/ArduinoWorkspace/arduino_core/328P_16MHz/libarduino_core.a(HardwareSerial.o)
                0x00000000000018c0                _Z11serialEventv
 .text.__vector_18
                0x00000000000018c2       0x5e /home/siddian/Dropbox/ArduinoWorkspace/arduino_core/328P_16MHz/libarduino_core.a(HardwareSerial.o)
                0x00000000000018c2                __vector_18
 .text._Z14serialEventRunv
                0x0000000000001920       0x12 /home/siddian/Dropbox/ArduinoWorkspace/arduino_core/328P_16MHz/libarduino_core.a(HardwareSerial.o)
                0x0000000000001920                _Z14serialEventRunv
 .text.__vector_19
                0x0000000000001932       0x76 /home/siddian/Dropbox/ArduinoWorkspace/arduino_core/328P_16MHz/libarduino_core.a(HardwareSerial.o)
                0x0000000000001932                __vector_19
 .text._ZN14HardwareSerialC2EP11ring_bufferS1_PVhS3_S3_S3_S3_S3_hhhhh
                0x00000000000019a8       0x88 /home/siddian/Dropbox/ArduinoWorkspace/arduino_core/328P_16MHz/libarduino_core.a(HardwareSerial.o)
                0x00000000000019a8                _ZN14HardwareSerialC1EP11ring_bufferS1_PVhS3_S3_S3_S3_S3_hhhhh
                0x00000000000019a8                _ZN14HardwareSerialC2EP11ring_bufferS1_PVhS3_S3_S3_S3_S3_hhhhh
 .text._ZN14HardwareSerial5beginEm
                0x0000000000001a30       0xfe /home/siddian/Dropbox/ArduinoWorkspace/arduino_core/328P_16MHz/libarduino_core.a(HardwareSerial.o)
                0x0000000000001a30                _ZN14HardwareSerial5beginEm
 .text._ZN14HardwareSerial5beginEmh
                0x0000000000001b2e      0x108 /home/siddian/Dropbox/ArduinoWorkspace/arduino_core/328P_16MHz/libarduino_core.a(HardwareSerial.o)
                0x0000000000001b2e                _ZN14HardwareSerial5beginEmh
 .text._ZN14HardwareSerial3endEv
                0x0000000000001c36       0xae /home/siddian/Dropbox/ArduinoWorkspace/arduino_core/328P_16MHz/libarduino_core.a(HardwareSerial.o)
                0x0000000000001c36                _ZN14HardwareSerial3endEv
 .text._ZN14HardwareSerialcvbEv
                0x0000000000001ce4        0x4 /home/siddian/Dropbox/ArduinoWorkspace/arduino_core/328P_16MHz/libarduino_core.a(HardwareSerial.o)
                0x0000000000001ce4                _ZN14HardwareSerialcvbEv
 .text._GLOBAL__I_rx_buffer
                0x0000000000001ce8       0x82 /home/siddian/Dropbox/ArduinoWorkspace/arduino_core/328P_16MHz/libarduino_core.a(HardwareSerial.o)
 .text._ZN5Print5writeEPKhj
                0x0000000000001d6a       0x54 /home/siddian/Dropbox/ArduinoWorkspace/arduino_core/328P_16MHz/libarduino_core.a(Print.o)
                0x0000000000001d6a                _ZN5Print5writeEPKhj
 .text._ZN5Print5writeEPKc
                0x0000000000001dbe       0x32 /home/siddian/Dropbox/ArduinoWorkspace/arduino_core/328P_16MHz/libarduino_core.a(Print.o)
                0x0000000000001dbe                _ZN5Print5writeEPKc
 .text._ZN5Print5printEPK19__FlashStringHelper
                0x0000000000001df0       0x46 /home/siddian/Dropbox/ArduinoWorkspace/arduino_core/328P_16MHz/libarduino_core.a(Print.o)
                0x0000000000001df0                _ZN5Print5printEPK19__FlashStringHelper
 .text._ZN5Print5printERK6String
                0x0000000000001e36       0x66 /home/siddian/Dropbox/ArduinoWorkspace/arduino_core/328P_16MHz/libarduino_core.a(Print.o)
                0x0000000000001e36                _ZN5Print5printERK6String
 .text._ZN5Print5printEPKc
                0x0000000000001e9c        0x6 /home/siddian/Dropbox/ArduinoWorkspace/arduino_core/328P_16MHz/libarduino_core.a(Print.o)
                0x0000000000001e9c                _ZN5Print5printEPKc
 .text._ZN5Print5printEc
                0x0000000000001ea2       0x10 /home/siddian/Dropbox/ArduinoWorkspace/arduino_core/328P_16MHz/libarduino_core.a(Print.o)
                0x0000000000001ea2                _ZN5Print5printEc
 .text._ZN5Print5printERK9Printable
                0x0000000000001eb2       0x16 /home/siddian/Dropbox/ArduinoWorkspace/arduino_core/328P_16MHz/libarduino_core.a(Print.o)
                0x0000000000001eb2                _ZN5Print5printERK9Printable
 .text._ZN5Print7printlnEv
                0x0000000000001ec8       0x2a /home/siddian/Dropbox/ArduinoWorkspace/arduino_core/328P_16MHz/libarduino_core.a(Print.o)
                0x0000000000001ec8                _ZN5Print7printlnEv
 .text._ZN5Print7printlnEPK19__FlashStringHelper
                0x0000000000001ef2       0x26 /home/siddian/Dropbox/ArduinoWorkspace/arduino_core/328P_16MHz/libarduino_core.a(Print.o)
                0x0000000000001ef2                _ZN5Print7printlnEPK19__FlashStringHelper
 .text._ZN5Print7printlnERK6String
                0x0000000000001f18       0x26 /home/siddian/Dropbox/ArduinoWorkspace/arduino_core/328P_16MHz/libarduino_core.a(Print.o)
                0x0000000000001f18                _ZN5Print7printlnERK6String
 .text._ZN5Print7printlnEPKc
                0x0000000000001f3e       0x26 /home/siddian/Dropbox/ArduinoWorkspace/arduino_core/328P_16MHz/libarduino_core.a(Print.o)
                0x0000000000001f3e                _ZN5Print7printlnEPKc
 .text._ZN5Print7printlnEc
                0x0000000000001f64       0x26 /home/siddian/Dropbox/ArduinoWorkspace/arduino_core/328P_16MHz/libarduino_core.a(Print.o)
                0x0000000000001f64                _ZN5Print7printlnEc
 .text._ZN5Print7printlnERK9Printable
                0x0000000000001f8a       0x26 /home/siddian/Dropbox/ArduinoWorkspace/arduino_core/328P_16MHz/libarduino_core.a(Print.o)
                0x0000000000001f8a                _ZN5Print7printlnERK9Printable
 .text._ZN5Print11printNumberEmh
                0x0000000000001fb0       0xb4 /home/siddian/Dropbox/ArduinoWorkspace/arduino_core/328P_16MHz/libarduino_core.a(Print.o)
                0x0000000000001fb0                _ZN5Print11printNumberEmh
 .text._ZN5Print5printEmi
                0x0000000000002064       0x1e /home/siddian/Dropbox/ArduinoWorkspace/arduino_core/328P_16MHz/libarduino_core.a(Print.o)
                0x0000000000002064                _ZN5Print5printEmi
 .text._ZN5Print7printlnEmi
                0x0000000000002082       0x26 /home/siddian/Dropbox/ArduinoWorkspace/arduino_core/328P_16MHz/libarduino_core.a(Print.o)
                0x0000000000002082                _ZN5Print7printlnEmi
 .text._ZN5Print5printEji
                0x00000000000020a8        0xe /home/siddian/Dropbox/ArduinoWorkspace/arduino_core/328P_16MHz/libarduino_core.a(Print.o)
                0x00000000000020a8                _ZN5Print5printEji
 .text._ZN5Print7printlnEji
                0x00000000000020b6       0x2e /home/siddian/Dropbox/ArduinoWorkspace/arduino_core/328P_16MHz/libarduino_core.a(Print.o)
                0x00000000000020b6                _ZN5Print7printlnEji
 .text._ZN5Print5printEhi
                0x00000000000020e4       0x10 /home/siddian/Dropbox/ArduinoWorkspace/arduino_core/328P_16MHz/libarduino_core.a(Print.o)
                0x00000000000020e4                _ZN5Print5printEhi
 .text._ZN5Print7printlnEhi
                0x00000000000020f4       0x30 /home/siddian/Dropbox/ArduinoWorkspace/arduino_core/328P_16MHz/libarduino_core.a(Print.o)
                0x00000000000020f4                _ZN5Print7printlnEhi
 .text._ZN5Print5printEli
                0x0000000000002124       0x76 /home/siddian/Dropbox/ArduinoWorkspace/arduino_core/328P_16MHz/libarduino_core.a(Print.o)
                0x0000000000002124                _ZN5Print5printEli
 .text._ZN5Print7printlnEli
                0x000000000000219a       0x26 /home/siddian/Dropbox/ArduinoWorkspace/arduino_core/328P_16MHz/libarduino_core.a(Print.o)
                0x000000000000219a                _ZN5Print7printlnEli
 .text._ZN5Print5printEii
                0x00000000000021c0       0x14 /home/siddian/Dropbox/ArduinoWorkspace/arduino_core/328P_16MHz/libarduino_core.a(Print.o)
                0x00000000000021c0                _ZN5Print5printEii
 .text._ZN5Print7printlnEii
                0x00000000000021d4       0x36 /home/siddian/Dropbox/ArduinoWorkspace/arduino_core/328P_16MHz/libarduino_core.a(Print.o)
                0x00000000000021d4                _ZN5Print7printlnEii
 .text._ZN5Print10printFloatEdh
                0x000000000000220a      0x1f8 /home/siddian/Dropbox/ArduinoWorkspace/arduino_core/328P_16MHz/libarduino_core.a(Print.o)
                0x000000000000220a                _ZN5Print10printFloatEdh
 .text._ZN5Print5printEdi
                0x0000000000002402        0x6 /home/siddian/Dropbox/ArduinoWorkspace/arduino_core/328P_16MHz/libarduino_core.a(Print.o)
                0x0000000000002402                _ZN5Print5printEdi
 .text._ZN5Print7printlnEdi
                0x0000000000002408       0x26 /home/siddian/Dropbox/ArduinoWorkspace/arduino_core/328P_16MHz/libarduino_core.a(Print.o)
                0x0000000000002408                _ZN5Print7printlnEdi
 .text._ZN6StringD2Ev
                0x000000000000242e        0xc /home/siddian/Dropbox/ArduinoWorkspace/arduino_core/328P_16MHz/libarduino_core.a(WString.o)
                0x000000000000242e                _ZN6StringD1Ev
                0x000000000000242e                _ZN6StringD2Ev
 .text._ZN6String10invalidateEv
                0x000000000000243a       0x24 /home/siddian/Dropbox/ArduinoWorkspace/arduino_core/328P_16MHz/libarduino_core.a(WString.o)
                0x000000000000243a                _ZN6String10invalidateEv
 .text._ZN6String12changeBufferEj
                0x000000000000245e       0x34 /home/siddian/Dropbox/ArduinoWorkspace/arduino_core/328P_16MHz/libarduino_core.a(WString.o)
                0x000000000000245e                _ZN6String12changeBufferEj
 .text._ZN6String7reserveEj
                0x0000000000002492       0x3e /home/siddian/Dropbox/ArduinoWorkspace/arduino_core/328P_16MHz/libarduino_core.a(WString.o)
                0x0000000000002492                _ZN6String7reserveEj
 .text._ZN6String4copyEPKcj
                0x00000000000024d0       0x42 /home/siddian/Dropbox/ArduinoWorkspace/arduino_core/328P_16MHz/libarduino_core.a(WString.o)
                0x00000000000024d0                _ZN6String4copyEPKcj
 .text._ZN6StringC2EPKc
                0x0000000000002512       0x36 /home/siddian/Dropbox/ArduinoWorkspace/arduino_core/328P_16MHz/libarduino_core.a(WString.o)
                0x0000000000002512                _ZN6StringC1EPKc
                0x0000000000002512                _ZN6StringC2EPKc
 .text._ZN6StringaSERKS_
                0x0000000000002548       0x36 /home/siddian/Dropbox/ArduinoWorkspace/arduino_core/328P_16MHz/libarduino_core.a(WString.o)
                0x0000000000002548                _ZN6StringaSERKS_
 .text._ZN6StringC2ERKS_
                0x000000000000257e       0x16 /home/siddian/Dropbox/ArduinoWorkspace/arduino_core/328P_16MHz/libarduino_core.a(WString.o)
                0x000000000000257e                _ZN6StringC1ERKS_
                0x000000000000257e                _ZN6StringC2ERKS_
 .text._ZN6StringaSEPKc
                0x0000000000002594       0x30 /home/siddian/Dropbox/ArduinoWorkspace/arduino_core/328P_16MHz/libarduino_core.a(WString.o)
                0x0000000000002594                _ZN6StringaSEPKc
 .text._ZN6StringC2Emh
                0x00000000000025c4       0x62 /home/siddian/Dropbox/ArduinoWorkspace/arduino_core/328P_16MHz/libarduino_core.a(WString.o)
                0x00000000000025c4                _ZN6StringC2Emh
                0x00000000000025c4                _ZN6StringC1Emh
 .text._ZN6StringC2Elh
                0x0000000000002626       0x62 /home/siddian/Dropbox/ArduinoWorkspace/arduino_core/328P_16MHz/libarduino_core.a(WString.o)
                0x0000000000002626                _ZN6StringC1Elh
                0x0000000000002626                _ZN6StringC2Elh
 .text._ZN6StringC2Ejh
                0x0000000000002688       0x60 /home/siddian/Dropbox/ArduinoWorkspace/arduino_core/328P_16MHz/libarduino_core.a(WString.o)
                0x0000000000002688                _ZN6StringC2Ejh
                0x0000000000002688                _ZN6StringC1Ejh
 .text._ZN6StringC2Eih
                0x00000000000026e8       0x60 /home/siddian/Dropbox/ArduinoWorkspace/arduino_core/328P_16MHz/libarduino_core.a(WString.o)
                0x00000000000026e8                _ZN6StringC1Eih
                0x00000000000026e8                _ZN6StringC2Eih
 .text._ZN6StringC2Ehh
                0x0000000000002748       0x62 /home/siddian/Dropbox/ArduinoWorkspace/arduino_core/328P_16MHz/libarduino_core.a(WString.o)
                0x0000000000002748                _ZN6StringC1Ehh
                0x0000000000002748                _ZN6StringC2Ehh
 .text._ZN6StringC2Ec
                0x00000000000027aa       0x32 /home/siddian/Dropbox/ArduinoWorkspace/arduino_core/328P_16MHz/libarduino_core.a(WString.o)
                0x00000000000027aa                _ZN6StringC2Ec
                0x00000000000027aa                _ZN6StringC1Ec
 .text._ZN6String6concatEPKcj
                0x00000000000027dc       0x58 /home/siddian/Dropbox/ArduinoWorkspace/arduino_core/328P_16MHz/libarduino_core.a(WString.o)
                0x00000000000027dc                _ZN6String6concatEPKcj
 .text._ZN6String6concatERKS_
                0x0000000000002834       0x10 /home/siddian/Dropbox/ArduinoWorkspace/arduino_core/328P_16MHz/libarduino_core.a(WString.o)
                0x0000000000002834                _ZN6String6concatERKS_
 .text._ZN6String6concatEPKc
                0x0000000000002844       0x22 /home/siddian/Dropbox/ArduinoWorkspace/arduino_core/328P_16MHz/libarduino_core.a(WString.o)
                0x0000000000002844                _ZN6String6concatEPKc
 .text._ZN6String6concatEc
                0x0000000000002866       0x26 /home/siddian/Dropbox/ArduinoWorkspace/arduino_core/328P_16MHz/libarduino_core.a(WString.o)
                0x0000000000002866                _ZN6String6concatEc
 .text._ZN6String6concatEh
                0x000000000000288c       0x5a /home/siddian/Dropbox/ArduinoWorkspace/arduino_core/328P_16MHz/libarduino_core.a(WString.o)
                0x000000000000288c                _ZN6String6concatEh
 .text._ZN6String6concatEi
                0x00000000000028e6       0x64 /home/siddian/Dropbox/ArduinoWorkspace/arduino_core/328P_16MHz/libarduino_core.a(WString.o)
                0x00000000000028e6                _ZN6String6concatEi
 .text._ZN6String6concatEj
                0x000000000000294a       0x5e /home/siddian/Dropbox/ArduinoWorkspace/arduino_core/328P_16MHz/libarduino_core.a(WString.o)
                0x000000000000294a                _ZN6String6concatEj
 .text._ZN6String6concatEl
                0x00000000000029a8       0x66 /home/siddian/Dropbox/ArduinoWorkspace/arduino_core/328P_16MHz/libarduino_core.a(WString.o)
                0x00000000000029a8                _ZN6String6concatEl
 .text._ZN6String6concatEm
                0x0000000000002a0e       0x66 /home/siddian/Dropbox/ArduinoWorkspace/arduino_core/328P_16MHz/libarduino_core.a(WString.o)
                0x0000000000002a0e                _ZN6String6concatEm
 .text._ZplRK15StringSumHelperRK6String
                0x0000000000002a74       0x26 /home/siddian/Dropbox/ArduinoWorkspace/arduino_core/328P_16MHz/libarduino_core.a(WString.o)
                0x0000000000002a74                _ZplRK15StringSumHelperRK6String
 .text._ZplRK15StringSumHelperPKc
                0x0000000000002a9a       0x34 /home/siddian/Dropbox/ArduinoWorkspace/arduino_core/328P_16MHz/libarduino_core.a(WString.o)
                0x0000000000002a9a                _ZplRK15StringSumHelperPKc
 .text._ZplRK15StringSumHelperc
                0x0000000000002ace       0x1c /home/siddian/Dropbox/ArduinoWorkspace/arduino_core/328P_16MHz/libarduino_core.a(WString.o)
                0x0000000000002ace                _ZplRK15StringSumHelperc
 .text._ZplRK15StringSumHelperh
                0x0000000000002aea       0x1c /home/siddian/Dropbox/ArduinoWorkspace/arduino_core/328P_16MHz/libarduino_core.a(WString.o)
                0x0000000000002aea                _ZplRK15StringSumHelperh
 .text._ZplRK15StringSumHelperi
                0x0000000000002b06       0x1c /home/siddian/Dropbox/ArduinoWorkspace/arduino_core/328P_16MHz/libarduino_core.a(WString.o)
                0x0000000000002b06                _ZplRK15StringSumHelperi
 .text._ZplRK15StringSumHelperj
                0x0000000000002b22       0x1c /home/siddian/Dropbox/ArduinoWorkspace/arduino_core/328P_16MHz/libarduino_core.a(WString.o)
                0x0000000000002b22                _ZplRK15StringSumHelperj
 .text._ZplRK15StringSumHelperl
                0x0000000000002b3e       0x1c /home/siddian/Dropbox/ArduinoWorkspace/arduino_core/328P_16MHz/libarduino_core.a(WString.o)
                0x0000000000002b3e                _ZplRK15StringSumHelperl
 .text._ZplRK15StringSumHelperm
                0x0000000000002b5a       0x1c /home/siddian/Dropbox/ArduinoWorkspace/arduino_core/328P_16MHz/libarduino_core.a(WString.o)
                0x0000000000002b5a                _ZplRK15StringSumHelperm
 .text._ZNK6String9compareToERKS_
                0x0000000000002b76       0x6c /home/siddian/Dropbox/ArduinoWorkspace/arduino_core/328P_16MHz/libarduino_core.a(WString.o)
                0x0000000000002b76                _ZNK6String9compareToERKS_
 .text._ZNK6String6equalsERKS_
                0x0000000000002be2       0x22 /home/siddian/Dropbox/ArduinoWorkspace/arduino_core/328P_16MHz/libarduino_core.a(WString.o)
                0x0000000000002be2                _ZNK6String6equalsERKS_
 .text._ZNK6String6equalsEPKc
                0x0000000000002c04       0x46 /home/siddian/Dropbox/ArduinoWorkspace/arduino_core/328P_16MHz/libarduino_core.a(WString.o)
                0x0000000000002c04                _ZNK6String6equalsEPKc
 .text._ZNK6StringltERKS_
                0x0000000000002c4a        0xe /home/siddian/Dropbox/ArduinoWorkspace/arduino_core/328P_16MHz/libarduino_core.a(WString.o)
                0x0000000000002c4a                _ZNK6StringltERKS_
 .text._ZNK6StringgtERKS_
                0x0000000000002c58       0x12 /home/siddian/Dropbox/ArduinoWorkspace/arduino_core/328P_16MHz/libarduino_core.a(WString.o)
                0x0000000000002c58                _ZNK6StringgtERKS_
 .text._ZNK6StringleERKS_
                0x0000000000002c6a       0x12 /home/siddian/Dropbox/ArduinoWorkspace/arduino_core/328P_16MHz/libarduino_core.a(WString.o)
                0x0000000000002c6a                _ZNK6StringleERKS_
 .text._ZNK6StringgeERKS_
                0x0000000000002c7c       0x10 /home/siddian/Dropbox/ArduinoWorkspace/arduino_core/328P_16MHz/libarduino_core.a(WString.o)
                0x0000000000002c7c                _ZNK6StringgeERKS_
 .text._ZNK6String16equalsIgnoreCaseERKS_
                0x0000000000002c8c       0x74 /home/siddian/Dropbox/ArduinoWorkspace/arduino_core/328P_16MHz/libarduino_core.a(WString.o)
                0x0000000000002c8c                _ZNK6String16equalsIgnoreCaseERKS_
 .text._ZNK6String10startsWithERKS_j
                0x0000000000002d00       0x4c /home/siddian/Dropbox/ArduinoWorkspace/arduino_core/328P_16MHz/libarduino_core.a(WString.o)
                0x0000000000002d00                _ZNK6String10startsWithERKS_j
 .text._ZNK6String10startsWithERKS_
                0x0000000000002d4c       0x20 /home/siddian/Dropbox/ArduinoWorkspace/arduino_core/328P_16MHz/libarduino_core.a(WString.o)
                0x0000000000002d4c                _ZNK6String10startsWithERKS_
 .text._ZNK6String8endsWithERKS_
                0x0000000000002d6c       0x4a /home/siddian/Dropbox/ArduinoWorkspace/arduino_core/328P_16MHz/libarduino_core.a(WString.o)
                0x0000000000002d6c                _ZNK6String8endsWithERKS_
 .text._ZN6String9setCharAtEjc
                0x0000000000002db6       0x1a /home/siddian/Dropbox/ArduinoWorkspace/arduino_core/328P_16MHz/libarduino_core.a(WString.o)
                0x0000000000002db6                _ZN6String9setCharAtEjc
 .text._ZN6StringixEj
                0x0000000000002dd0       0x26 /home/siddian/Dropbox/ArduinoWorkspace/arduino_core/328P_16MHz/libarduino_core.a(WString.o)
                0x0000000000002dd0                _ZN6StringixEj
 .text._ZNK6StringixEj
                0x0000000000002df6       0x26 /home/siddian/Dropbox/ArduinoWorkspace/arduino_core/328P_16MHz/libarduino_core.a(WString.o)
                0x0000000000002df6                _ZNK6StringixEj
 .text._ZNK6String6charAtEj
                0x0000000000002e1c        0x6 /home/siddian/Dropbox/ArduinoWorkspace/arduino_core/328P_16MHz/libarduino_core.a(WString.o)
                0x0000000000002e1c                _ZNK6String6charAtEj
 .text._ZNK6String8getBytesEPhjj
                0x0000000000002e22       0x58 /home/siddian/Dropbox/ArduinoWorkspace/arduino_core/328P_16MHz/libarduino_core.a(WString.o)
                0x0000000000002e22                _ZNK6String8getBytesEPhjj
 .text._ZNK6String7indexOfEcj
                0x0000000000002e7a       0x3c /home/siddian/Dropbox/ArduinoWorkspace/arduino_core/328P_16MHz/libarduino_core.a(WString.o)
                0x0000000000002e7a                _ZNK6String7indexOfEcj
 .text._ZNK6String7indexOfEc
                0x0000000000002eb6        0xa /home/siddian/Dropbox/ArduinoWorkspace/arduino_core/328P_16MHz/libarduino_core.a(WString.o)
                0x0000000000002eb6                _ZNK6String7indexOfEc
 .text._ZNK6String7indexOfERKS_j
                0x0000000000002ec0       0x3c /home/siddian/Dropbox/ArduinoWorkspace/arduino_core/328P_16MHz/libarduino_core.a(WString.o)
                0x0000000000002ec0                _ZNK6String7indexOfERKS_j
 .text._ZNK6String7indexOfERKS_
                0x0000000000002efc        0xa /home/siddian/Dropbox/ArduinoWorkspace/arduino_core/328P_16MHz/libarduino_core.a(WString.o)
                0x0000000000002efc                _ZNK6String7indexOfERKS_
 .text._ZNK6String11lastIndexOfEcj
                0x0000000000002f06       0x6e /home/siddian/Dropbox/ArduinoWorkspace/arduino_core/328P_16MHz/libarduino_core.a(WString.o)
                0x0000000000002f06                _ZNK6String11lastIndexOfEcj
 .text._ZNK6String11lastIndexOfEc
                0x0000000000002f74       0x10 /home/siddian/Dropbox/ArduinoWorkspace/arduino_core/328P_16MHz/libarduino_core.a(WString.o)
                0x0000000000002f74                _ZNK6String11lastIndexOfEc
 .text._ZNK6String11lastIndexOfERKS_j
                0x0000000000002f84       0x9a /home/siddian/Dropbox/ArduinoWorkspace/arduino_core/328P_16MHz/libarduino_core.a(WString.o)
                0x0000000000002f84                _ZNK6String11lastIndexOfERKS_j
 .text._ZNK6String11lastIndexOfERKS_
                0x000000000000301e       0x16 /home/siddian/Dropbox/ArduinoWorkspace/arduino_core/328P_16MHz/libarduino_core.a(WString.o)
                0x000000000000301e                _ZNK6String11lastIndexOfERKS_
 .text._ZNK6String9substringEjj
                0x0000000000003034       0xa2 /home/siddian/Dropbox/ArduinoWorkspace/arduino_core/328P_16MHz/libarduino_core.a(WString.o)
                0x0000000000003034                _ZNK6String9substringEjj
 .text._ZNK6String9substringEj
                0x00000000000030d6       0x18 /home/siddian/Dropbox/ArduinoWorkspace/arduino_core/328P_16MHz/libarduino_core.a(WString.o)
                0x00000000000030d6                _ZNK6String9substringEj
 .text._ZN6String7replaceEcc
                0x00000000000030ee       0x1e /home/siddian/Dropbox/ArduinoWorkspace/arduino_core/328P_16MHz/libarduino_core.a(WString.o)
                0x00000000000030ee                _ZN6String7replaceEcc
 .text._ZN6String7replaceERKS_S1_
                0x000000000000310c      0x214 /home/siddian/Dropbox/ArduinoWorkspace/arduino_core/328P_16MHz/libarduino_core.a(WString.o)
                0x000000000000310c                _ZN6String7replaceERKS_S1_
 .text._ZN6String11toLowerCaseEv
                0x0000000000003320       0x28 /home/siddian/Dropbox/ArduinoWorkspace/arduino_core/328P_16MHz/libarduino_core.a(WString.o)
                0x0000000000003320                _ZN6String11toLowerCaseEv
 .text._ZN6String11toUpperCaseEv
                0x0000000000003348       0x28 /home/siddian/Dropbox/ArduinoWorkspace/arduino_core/328P_16MHz/libarduino_core.a(WString.o)
                0x0000000000003348                _ZN6String11toUpperCaseEv
 .text._ZN6String4trimEv
                0x0000000000003370       0xc2 /home/siddian/Dropbox/ArduinoWorkspace/arduino_core/328P_16MHz/libarduino_core.a(WString.o)
                0x0000000000003370                _ZN6String4trimEv
 .text._ZNK6String5toIntEv
                0x0000000000003432       0x20 /home/siddian/Dropbox/ArduinoWorkspace/arduino_core/328P_16MHz/libarduino_core.a(WString.o)
                0x0000000000003432                _ZNK6String5toIntEv
 .text.main     0x0000000000003452       0x1e /home/siddian/Dropbox/ArduinoWorkspace/arduino_core/328P_16MHz/libarduino_core.a(main.o)
                0x0000000000003452                main
 .text._Znwj    0x0000000000003470        0x6 /home/siddian/Dropbox/ArduinoWorkspace/arduino_core/328P_16MHz/libarduino_core.a(new.o)
                0x0000000000003470                _Znwj
 .text._ZdlPv   0x0000000000003476        0x6 /home/siddian/Dropbox/ArduinoWorkspace/arduino_core/328P_16MHz/libarduino_core.a(new.o)
                0x0000000000003476                _ZdlPv
 .text.__cxa_guard_acquire
                0x000000000000347c       0x14 /home/siddian/Dropbox/ArduinoWorkspace/arduino_core/328P_16MHz/libarduino_core.a(new.o)
                0x000000000000347c                __cxa_guard_acquire
 .text.__cxa_guard_release
                0x0000000000003490        0x8 /home/siddian/Dropbox/ArduinoWorkspace/arduino_core/328P_16MHz/libarduino_core.a(new.o)
                0x0000000000003490                __cxa_guard_release
 .text.__cxa_guard_abort
                0x0000000000003498        0x2 /home/siddian/Dropbox/ArduinoWorkspace/arduino_core/328P_16MHz/libarduino_core.a(new.o)
                0x0000000000003498                __cxa_guard_abort
 .text.__cxa_pure_virtual
                0x000000000000349a        0x2 /home/siddian/Dropbox/ArduinoWorkspace/arduino_core/328P_16MHz/libarduino_core.a(new.o)
                0x000000000000349a                __cxa_pure_virtual
 .text.__vector_16
                0x000000000000349c       0x90 /home/siddian/Dropbox/ArduinoWorkspace/arduino_core/328P_16MHz/libarduino_core.a(wiring.o)
                0x000000000000349c                __vector_16
 .text.millis   0x000000000000352c       0x1c /home/siddian/Dropbox/ArduinoWorkspace/arduino_core/328P_16MHz/libarduino_core.a(wiring.o)
                0x000000000000352c                millis
 .text.micros   0x0000000000003548       0x4c /home/siddian/Dropbox/ArduinoWorkspace/arduino_core/328P_16MHz/libarduino_core.a(wiring.o)
                0x0000000000003548                micros
 .text.delay    0x0000000000003594       0x4e /home/siddian/Dropbox/ArduinoWorkspace/arduino_core/328P_16MHz/libarduino_core.a(wiring.o)
                0x0000000000003594                delay
 .text.delayMicroseconds
                0x00000000000035e2       0x14 /home/siddian/Dropbox/ArduinoWorkspace/arduino_core/328P_16MHz/libarduino_core.a(wiring.o)
                0x00000000000035e2                delayMicroseconds
 .text.init     0x00000000000035f6       0x76 /home/siddian/Dropbox/ArduinoWorkspace/arduino_core/328P_16MHz/libarduino_core.a(wiring.o)
                0x00000000000035f6                init
 .text.turnOffPWM
                0x000000000000366c       0x5a /home/siddian/Dropbox/ArduinoWorkspace/arduino_core/328P_16MHz/libarduino_core.a(wiring_digital.o)
 .text.pinMode  0x00000000000036c6       0x8a /home/siddian/Dropbox/ArduinoWorkspace/arduino_core/328P_16MHz/libarduino_core.a(wiring_digital.o)
                0x00000000000036c6                pinMode
 .text.digitalWrite
                0x0000000000003750       0x70 /home/siddian/Dropbox/ArduinoWorkspace/arduino_core/328P_16MHz/libarduino_core.a(wiring_digital.o)
                0x0000000000003750                digitalWrite
 .text.digitalRead
                0x00000000000037c0       0x54 /home/siddian/Dropbox/ArduinoWorkspace/arduino_core/328P_16MHz/libarduino_core.a(wiring_digital.o)
                0x00000000000037c0                digitalRead
 .text._ZN7TwoWire9availableEv
                0x0000000000003814       0x12 /home/siddian/Dropbox/ArduinoWorkspace/Wire/328P_16MHz/libWire.a(Wire.o)
                0x0000000000003814                _ZN7TwoWire9availableEv
 .text._ZN7TwoWire4readEv
                0x0000000000003826       0x28 /home/siddian/Dropbox/ArduinoWorkspace/Wire/328P_16MHz/libWire.a(Wire.o)
                0x0000000000003826                _ZN7TwoWire4readEv
 .text._ZN7TwoWire4peekEv
                0x000000000000384e       0x20 /home/siddian/Dropbox/ArduinoWorkspace/Wire/328P_16MHz/libWire.a(Wire.o)
                0x000000000000384e                _ZN7TwoWire4peekEv
 .text._ZN7TwoWire5flushEv
                0x000000000000386e        0x2 /home/siddian/Dropbox/ArduinoWorkspace/Wire/328P_16MHz/libWire.a(Wire.o)
                0x000000000000386e                _ZN7TwoWire5flushEv
 .text._ZN7TwoWire16onReceiveServiceEPhi
                0x0000000000003870       0x50 /home/siddian/Dropbox/ArduinoWorkspace/Wire/328P_16MHz/libWire.a(Wire.o)
                0x0000000000003870                _ZN7TwoWire16onReceiveServiceEPhi
 .text._ZN7TwoWire16onRequestServiceEv
                0x00000000000038c0       0x18 /home/siddian/Dropbox/ArduinoWorkspace/Wire/328P_16MHz/libWire.a(Wire.o)
                0x00000000000038c0                _ZN7TwoWire16onRequestServiceEv
 .text._ZN7TwoWire5writeEPKhj
                0x00000000000038d8       0x64 /home/siddian/Dropbox/ArduinoWorkspace/Wire/328P_16MHz/libWire.a(Wire.o)
                0x00000000000038d8                _ZN7TwoWire5writeEPKhj
 .text._ZN7TwoWire5writeEh
                0x000000000000393c       0x60 /home/siddian/Dropbox/ArduinoWorkspace/Wire/328P_16MHz/libWire.a(Wire.o)
                0x000000000000393c                _ZN7TwoWire5writeEh
 .text._ZN7TwoWireC2Ev
                0x000000000000399c       0x20 /home/siddian/Dropbox/ArduinoWorkspace/Wire/328P_16MHz/libWire.a(Wire.o)
                0x000000000000399c                _ZN7TwoWireC2Ev
                0x000000000000399c                _ZN7TwoWireC1Ev
 .text._ZN7TwoWire5beginEv
                0x00000000000039bc       0x16 /home/siddian/Dropbox/ArduinoWorkspace/Wire/328P_16MHz/libWire.a(Wire.o)
                0x00000000000039bc                _ZN7TwoWire5beginEv
 .text._ZN7TwoWire5beginEh
                0x00000000000039d2       0x28 /home/siddian/Dropbox/ArduinoWorkspace/Wire/328P_16MHz/libWire.a(Wire.o)
                0x00000000000039d2                _ZN7TwoWire5beginEh
 .text._ZN7TwoWire5beginEi
                0x00000000000039fa        0x6 /home/siddian/Dropbox/ArduinoWorkspace/Wire/328P_16MHz/libWire.a(Wire.o)
                0x00000000000039fa                _ZN7TwoWire5beginEi
 .text._ZN7TwoWire11requestFromEhhh
                0x0000000000003a00       0x1a /home/siddian/Dropbox/ArduinoWorkspace/Wire/328P_16MHz/libWire.a(Wire.o)
                0x0000000000003a00                _ZN7TwoWire11requestFromEhhh
 .text._ZN7TwoWire11requestFromEhh
                0x0000000000003a1a        0x8 /home/siddian/Dropbox/ArduinoWorkspace/Wire/328P_16MHz/libWire.a(Wire.o)
                0x0000000000003a1a                _ZN7TwoWire11requestFromEhh
 .text._ZN7TwoWire11requestFromEii
                0x0000000000003a22        0x8 /home/siddian/Dropbox/ArduinoWorkspace/Wire/328P_16MHz/libWire.a(Wire.o)
                0x0000000000003a22                _ZN7TwoWire11requestFromEii
 .text._ZN7TwoWire11requestFromEiii
                0x0000000000003a2a        0x6 /home/siddian/Dropbox/ArduinoWorkspace/Wire/328P_16MHz/libWire.a(Wire.o)
                0x0000000000003a2a                _ZN7TwoWire11requestFromEiii
 .text._ZN7TwoWire17beginTransmissionEh
                0x0000000000003a30       0x14 /home/siddian/Dropbox/ArduinoWorkspace/Wire/328P_16MHz/libWire.a(Wire.o)
                0x0000000000003a30                _ZN7TwoWire17beginTransmissionEh
 .text._ZN7TwoWire17beginTransmissionEi
                0x0000000000003a44        0x6 /home/siddian/Dropbox/ArduinoWorkspace/Wire/328P_16MHz/libWire.a(Wire.o)
                0x0000000000003a44                _ZN7TwoWire17beginTransmissionEi
 .text._ZN7TwoWire15endTransmissionEh
                0x0000000000003a4a       0x26 /home/siddian/Dropbox/ArduinoWorkspace/Wire/328P_16MHz/libWire.a(Wire.o)
                0x0000000000003a4a                _ZN7TwoWire15endTransmissionEh
 .text._ZN7TwoWire15endTransmissionEv
                0x0000000000003a70        0x8 /home/siddian/Dropbox/ArduinoWorkspace/Wire/328P_16MHz/libWire.a(Wire.o)
                0x0000000000003a70                _ZN7TwoWire15endTransmissionEv
 .text._ZN7TwoWire9onReceiveEPFviE
                0x0000000000003a78        0xa /home/siddian/Dropbox/ArduinoWorkspace/Wire/328P_16MHz/libWire.a(Wire.o)
                0x0000000000003a78                _ZN7TwoWire9onReceiveEPFviE
 .text._ZN7TwoWire9onRequestEPFvvE
                0x0000000000003a82        0xa /home/siddian/Dropbox/ArduinoWorkspace/Wire/328P_16MHz/libWire.a(Wire.o)
                0x0000000000003a82                _ZN7TwoWire9onRequestEPFvvE
 .text._GLOBAL__I__ZN7TwoWire8rxBufferE
                0x0000000000003a8c       0x2e /home/siddian/Dropbox/ArduinoWorkspace/Wire/328P_16MHz/libWire.a(Wire.o)
 .text.twi_init
                0x0000000000003aba       0x2c /home/siddian/Dropbox/ArduinoWorkspace/Wire/328P_16MHz/libWire.a(twi.o)
                0x0000000000003aba                twi_init
 .text.twi_setAddress
                0x0000000000003ae6        0x6 /home/siddian/Dropbox/ArduinoWorkspace/Wire/328P_16MHz/libWire.a(twi.o)
                0x0000000000003ae6                twi_setAddress
 .text.twi_readFrom
                0x0000000000003aec       0x8e /home/siddian/Dropbox/ArduinoWorkspace/Wire/328P_16MHz/libWire.a(twi.o)
                0x0000000000003aec                twi_readFrom
 .text.twi_writeTo
                0x0000000000003b7a       0xa4 /home/siddian/Dropbox/ArduinoWorkspace/Wire/328P_16MHz/libWire.a(twi.o)
                0x0000000000003b7a                twi_writeTo
 .text.twi_transmit
                0x0000000000003c1e       0x34 /home/siddian/Dropbox/ArduinoWorkspace/Wire/328P_16MHz/libWire.a(twi.o)
                0x0000000000003c1e                twi_transmit
 .text.twi_attachSlaveRxEvent
                0x0000000000003c52        0xa /home/siddian/Dropbox/ArduinoWorkspace/Wire/328P_16MHz/libWire.a(twi.o)
                0x0000000000003c52                twi_attachSlaveRxEvent
 .text.twi_attachSlaveTxEvent
                0x0000000000003c5c        0xa /home/siddian/Dropbox/ArduinoWorkspace/Wire/328P_16MHz/libWire.a(twi.o)
                0x0000000000003c5c                twi_attachSlaveTxEvent
 .text.twi_reply
                0x0000000000003c66        0xe /home/siddian/Dropbox/ArduinoWorkspace/Wire/328P_16MHz/libWire.a(twi.o)
                0x0000000000003c66                twi_reply
 .text.twi_stop
                0x0000000000003c74       0x10 /home/siddian/Dropbox/ArduinoWorkspace/Wire/328P_16MHz/libWire.a(twi.o)
                0x0000000000003c74                twi_stop
 .text.twi_releaseBus
                0x0000000000003c84        0xa /home/siddian/Dropbox/ArduinoWorkspace/Wire/328P_16MHz/libWire.a(twi.o)
                0x0000000000003c84                twi_releaseBus
 .text.__vector_17
                0x0000000000003c8e      0x2b0 /home/siddian/Dropbox/ArduinoWorkspace/Wire/328P_16MHz/libWire.a(twi.o)
                0x0000000000003c8e                __vector_17
 .text._ZN7TwoWire5writeEi
                0x0000000000003f3e       0x10 /home/siddian/src/asrp/Arduino/libraries/L3G/Debug/libL3G.a(L3G.o)
                0x0000000000003f3e                _ZN7TwoWire5writeEi
 .text._ZN3L3G8writeRegEhh
                0x0000000000003f4e       0x4c /home/siddian/src/asrp/Arduino/libraries/L3G/Debug/libL3G.a(L3G.o)
                0x0000000000003f4e                _ZN3L3G8writeRegEhh
 .text._ZN3L3G13enableDefaultEv
                0x0000000000003f9a        0xa /home/siddian/src/asrp/Arduino/libraries/L3G/Debug/libL3G.a(L3G.o)
                0x0000000000003f9a                _ZN3L3G13enableDefaultEv
 .text._ZN3L3G7readRegEh
                0x0000000000003fa4       0x52 /home/siddian/src/asrp/Arduino/libraries/L3G/Debug/libL3G.a(L3G.o)
                0x0000000000003fa4                _ZN3L3G7readRegEh
 .text._ZN3L3G4readEv
                0x0000000000003ff6       0xf8 /home/siddian/src/asrp/Arduino/libraries/L3G/Debug/libL3G.a(L3G.o)
                0x0000000000003ff6                _ZN3L3G4readEv
 .text._ZN3L3G12vector_crossEPKNS_6vectorES2_PS0_
                0x00000000000040ee      0x164 /home/siddian/src/asrp/Arduino/libraries/L3G/Debug/libL3G.a(L3G.o)
                0x00000000000040ee                _ZN3L3G12vector_crossEPKNS_6vectorES2_PS0_
 .text._ZN3L3G10vector_dotEPKNS_6vectorES2_
                0x0000000000004252       0x88 /home/siddian/src/asrp/Arduino/libraries/L3G/Debug/libL3G.a(L3G.o)
                0x0000000000004252                _ZN3L3G10vector_dotEPKNS_6vectorES2_
 .text._ZN3L3G16vector_normalizeEPNS_6vectorE
                0x00000000000042da       0x72 /home/siddian/src/asrp/Arduino/libraries/L3G/Debug/libL3G.a(L3G.o)
                0x00000000000042da                _ZN3L3G16vector_normalizeEPNS_6vectorE
 .text._ZN3L3G17autoDetectAddressEv
                0x000000000000434c       0x56 /home/siddian/src/asrp/Arduino/libraries/L3G/Debug/libL3G.a(L3G.o)
                0x000000000000434c                _ZN3L3G17autoDetectAddressEv
 .text._ZN3L3G4initEhh
                0x00000000000043a2       0x40 /home/siddian/src/asrp/Arduino/libraries/L3G/Debug/libL3G.a(L3G.o)
                0x00000000000043a2                _ZN3L3G4initEhh
 .text._ZN7TwoWire5writeEi
                0x00000000000043e2       0x10 /home/siddian/src/asrp/Arduino/libraries/LSM303/328P_16MHz/libLSM303.a(LSM303.o)
 .text._ZN6LSM303C2Ev
                0x00000000000043f2       0x72 /home/siddian/src/asrp/Arduino/libraries/LSM303/328P_16MHz/libLSM303.a(LSM303.o)
                0x00000000000043f2                _ZN6LSM303C2Ev
                0x00000000000043f2                _ZN6LSM303C1Ev
 .text._ZN6LSM30315timeoutOccurredEv
                0x0000000000004464        0x6 /home/siddian/src/asrp/Arduino/libraries/LSM303/328P_16MHz/libLSM303.a(LSM303.o)
                0x0000000000004464                _ZN6LSM30315timeoutOccurredEv
 .text._ZN6LSM30310setTimeoutEj
                0x000000000000446a        0x8 /home/siddian/src/asrp/Arduino/libraries/LSM303/328P_16MHz/libLSM303.a(LSM303.o)
                0x000000000000446a                _ZN6LSM30310setTimeoutEj
 .text._ZN6LSM30310getTimeoutEv
                0x0000000000004472        0x8 /home/siddian/src/asrp/Arduino/libraries/LSM303/328P_16MHz/libLSM303.a(LSM303.o)
                0x0000000000004472                _ZN6LSM30310getTimeoutEv
 .text._ZN6LSM30311writeAccRegEhh
                0x000000000000447a       0x56 /home/siddian/src/asrp/Arduino/libraries/LSM303/328P_16MHz/libLSM303.a(LSM303.o)
                0x000000000000447a                _ZN6LSM30311writeAccRegEhh
 .text._ZN6LSM30310readAccRegEh
                0x00000000000044d0       0x54 /home/siddian/src/asrp/Arduino/libraries/LSM303/328P_16MHz/libLSM303.a(LSM303.o)
                0x00000000000044d0                _ZN6LSM30310readAccRegEh
 .text._ZN6LSM30311writeMagRegEhh
                0x0000000000004524       0x5a /home/siddian/src/asrp/Arduino/libraries/LSM303/328P_16MHz/libLSM303.a(LSM303.o)
                0x0000000000004524                _ZN6LSM30311writeMagRegEhh
 .text._ZN6LSM30313enableDefaultEv
                0x000000000000457e       0x1e /home/siddian/src/asrp/Arduino/libraries/LSM303/328P_16MHz/libLSM303.a(LSM303.o)
                0x000000000000457e                _ZN6LSM30313enableDefaultEv
 .text._ZN6LSM30310readMagRegEi
                0x000000000000459c       0xc8 /home/siddian/src/asrp/Arduino/libraries/LSM303/328P_16MHz/libLSM303.a(LSM303.o)
                0x000000000000459c                _ZN6LSM30310readMagRegEi
 .text._ZN6LSM30310setMagGainENS_7magGainE
                0x0000000000004664       0x36 /home/siddian/src/asrp/Arduino/libraries/LSM303/328P_16MHz/libLSM303.a(LSM303.o)
                0x0000000000004664                _ZN6LSM30310setMagGainENS_7magGainE
 .text._ZN6LSM3037readAccEv
                0x000000000000469a      0x142 /home/siddian/src/asrp/Arduino/libraries/LSM303/328P_16MHz/libLSM303.a(LSM303.o)
                0x000000000000469a                _ZN6LSM3037readAccEv
 .text._ZN6LSM3037readMagEv
                0x00000000000047dc      0x15a /home/siddian/src/asrp/Arduino/libraries/LSM303/328P_16MHz/libLSM303.a(LSM303.o)
                0x00000000000047dc                _ZN6LSM3037readMagEv
 .text._ZN6LSM3034readEv
                0x0000000000004936       0x16 /home/siddian/src/asrp/Arduino/libraries/LSM303/328P_16MHz/libLSM303.a(LSM303.o)
                0x0000000000004936                _ZN6LSM3034readEv
 .text._ZN6LSM30312vector_crossEPKNS_6vectorES2_PS0_
                0x000000000000494c      0x164 /home/siddian/src/asrp/Arduino/libraries/LSM303/328P_16MHz/libLSM303.a(LSM303.o)
                0x000000000000494c                _ZN6LSM30312vector_crossEPKNS_6vectorES2_PS0_
 .text._ZN6LSM30310vector_dotEPKNS_6vectorES2_
                0x0000000000004ab0       0x88 /home/siddian/src/asrp/Arduino/libraries/LSM303/328P_16MHz/libLSM303.a(LSM303.o)
                0x0000000000004ab0                _ZN6LSM30310vector_dotEPKNS_6vectorES2_
 .text._ZN6LSM30316vector_normalizeEPNS_6vectorE
                0x0000000000004b38       0x72 /home/siddian/src/asrp/Arduino/libraries/LSM303/328P_16MHz/libLSM303.a(LSM303.o)
                0x0000000000004b38                _ZN6LSM30316vector_normalizeEPNS_6vectorE
 .text._ZN6LSM3037headingENS_6vectorE
                0x0000000000004baa      0x252 /home/siddian/src/asrp/Arduino/libraries/LSM303/328P_16MHz/libLSM303.a(LSM303.o)
                0x0000000000004baa                _ZN6LSM3037headingENS_6vectorE
 .text._ZN6LSM3037headingEv
                0x0000000000004dfc       0x8c /home/siddian/src/asrp/Arduino/libraries/LSM303/328P_16MHz/libLSM303.a(LSM303.o)
                0x0000000000004dfc                _ZN6LSM3037headingEv
 .text._ZN6LSM30311detectSA0_AEv
                0x0000000000004e88       0x58 /home/siddian/src/asrp/Arduino/libraries/LSM303/328P_16MHz/libLSM303.a(LSM303.o)
                0x0000000000004e88                _ZN6LSM30311detectSA0_AEv
 .text._ZN6LSM3034initEhh
                0x0000000000004ee0       0x5c /home/siddian/src/asrp/Arduino/libraries/LSM303/328P_16MHz/libLSM303.a(LSM303.o)
                0x0000000000004ee0                _ZN6LSM3034initEhh
 .text.avr-libc.fplib
                0x0000000000004f3c        0xa /usr/lib/gcc/avr/4.5.3/../../../avr/lib/avr5/libm.a(addsf3.o)
                0x0000000000004f3c                __subsf3
                0x0000000000004f3e                __addsf3
 .text.avr-libc.fplib
                0x0000000000004f46       0xc0 /usr/lib/gcc/avr/4.5.3/../../../avr/lib/avr5/libm.a(addsf3x.o)
                0x0000000000004f60                __addsf3x
 .text.avr-libc.fplib
                0x0000000000005006       0x2e /usr/lib/gcc/avr/4.5.3/../../../avr/lib/avr5/libm.a(asin.o)
                0x0000000000005006                asin
 .text.avr-libc.fplib
                0x0000000000005034       0x74 /usr/lib/gcc/avr/4.5.3/../../../avr/lib/avr5/libm.a(atan2.o)
                0x0000000000005052                atan2
 .text.avr-libc.fplib
                0x00000000000050a8       0x50 /usr/lib/gcc/avr/4.5.3/../../../avr/lib/avr5/libm.a(atan.o)
                0x00000000000050a8                atan
 .text.avr-libc.fplib
                0x00000000000050f8        0x8 /usr/lib/gcc/avr/4.5.3/../../../avr/lib/avr5/libm.a(cmpsf2.o)
                0x00000000000050f8                __lesf2
                0x00000000000050f8                __nesf2
                0x00000000000050f8                __eqsf2
                0x00000000000050f8                __cmpsf2
                0x00000000000050f8                __ltsf2
 .text.avr-libc.fplib
                0x0000000000005100        0x6 /usr/lib/gcc/avr/4.5.3/../../../avr/lib/avr5/libm.a(cos.o)
                0x0000000000005100                cos
 .text.avr-libc.fplib
                0x0000000000005106        0x4 /usr/lib/gcc/avr/4.5.3/../../../avr/lib/avr5/libm.a(divsf3.o)
                0x0000000000005106                __divsf3
 .text.avr-libc.fplib
                0x000000000000510a       0xcc /usr/lib/gcc/avr/4.5.3/../../../avr/lib/avr5/libm.a(divsf3x.o)
                0x0000000000005120                __divsf3x
                0x0000000000005124                __divsf3_pse
 .text.avr-libc.fplib
                0x00000000000051d6        0xa /usr/lib/gcc/avr/4.5.3/../../../avr/lib/avr5/libm.a(fixsfsi.o)
                0x00000000000051d6                __fixsfsi
 .text.avr-libc.fplib
                0x00000000000051e0       0x58 /usr/lib/gcc/avr/4.5.3/../../../avr/lib/avr5/libm.a(fixunssfsi.o)
                0x00000000000051e0                __fixunssfsi
 .text.avr-libc.fplib
                0x0000000000005238       0x7a /usr/lib/gcc/avr/4.5.3/../../../avr/lib/avr5/libm.a(floatsisf.o)
                0x0000000000005238                __floatunsisf
                0x000000000000523c                __floatsisf
 .text.avr-libc.fplib
                0x00000000000052b2       0x36 /usr/lib/gcc/avr/4.5.3/../../../avr/lib/avr5/libm.a(fp_arccos.o)
                0x00000000000052b2                __fp_arccos
 .text.avr-libc.fplib
                0x00000000000052e8       0x48 /usr/lib/gcc/avr/4.5.3/../../../avr/lib/avr5/libm.a(fp_cmp.o)
                0x00000000000052e8                __fp_cmp
 .text.avr-libc.fplib
                0x0000000000005330        0xc /usr/lib/gcc/avr/4.5.3/../../../avr/lib/avr5/libm.a(fp_inf.o)
                0x0000000000005330                __fp_inf
 .text.avr-libc.fplib
                0x000000000000533c        0x6 /usr/lib/gcc/avr/4.5.3/../../../avr/lib/avr5/libm.a(fp_nan.o)
                0x000000000000533c                __fp_nan
 .text.avr-libc.fplib
                0x0000000000005342       0x4a /usr/lib/gcc/avr/4.5.3/../../../avr/lib/avr5/libm.a(fp_powser.o)
                0x0000000000005342                __fp_powser
 .text.avr-libc.fplib
                0x000000000000538c       0x22 /usr/lib/gcc/avr/4.5.3/../../../avr/lib/avr5/libm.a(fp_powsodd.o)
                0x000000000000538c                __fp_powsodd
 .text.avr-libc.fplib
                0x00000000000053ae        0xe /usr/lib/gcc/avr/4.5.3/../../../avr/lib/avr5/libm.a(fp_pscA.o)
                0x00000000000053ae                __fp_pscA
 .text.avr-libc.fplib
                0x00000000000053bc        0xe /usr/lib/gcc/avr/4.5.3/../../../avr/lib/avr5/libm.a(fp_pscB.o)
                0x00000000000053bc                __fp_pscB
 .text.avr-libc.fplib
                0x00000000000053ca       0x50 /usr/lib/gcc/avr/4.5.3/../../../avr/lib/avr5/libm.a(fp_rempio2.o)
                0x00000000000053cc                __fp_rempio2
 .text.avr-libc.fplib
                0x000000000000541a       0x22 /usr/lib/gcc/avr/4.5.3/../../../avr/lib/avr5/libm.a(fp_round.o)
                0x000000000000541a                __fp_round
 .text.avr-libc.fplib
                0x000000000000543c       0x22 /usr/lib/gcc/avr/4.5.3/../../../avr/lib/avr5/libm.a(fp_sinus.o)
                0x000000000000543c                __fp_sinus
 .text.avr-libc.fplib
                0x000000000000545e       0x44 /usr/lib/gcc/avr/4.5.3/../../../avr/lib/avr5/libm.a(fp_split3.o)
                0x000000000000545e                __fp_split3
                0x000000000000546e                __fp_splitA
 .text.avr-libc.fplib
                0x00000000000054a2        0xe /usr/lib/gcc/avr/4.5.3/../../../avr/lib/avr5/libm.a(fp_zero.o)
                0x00000000000054a2                __fp_zero
                0x00000000000054a4                __fp_szero
 .text.avr-libc.fplib
                0x00000000000054b0        0x8 /usr/lib/gcc/avr/4.5.3/../../../avr/lib/avr5/libm.a(gesf2.o)
                0x00000000000054b0                __gtsf2
                0x00000000000054b0                __gesf2
 .text.avr-libc.fplib
                0x00000000000054b8        0xe /usr/lib/gcc/avr/4.5.3/../../../avr/lib/avr5/libm.a(inverse.o)
                0x00000000000054b8                inverse
 .text.avr-libc.fplib
                0x00000000000054c6        0x4 /usr/lib/gcc/avr/4.5.3/../../../avr/lib/avr5/libm.a(mulsf3.o)
                0x00000000000054c6                __mulsf3
 .text.avr-libc.fplib
                0x00000000000054ca       0xc2 /usr/lib/gcc/avr/4.5.3/../../../avr/lib/avr5/libm.a(mulsf3x.o)
                0x00000000000054de                __mulsf3x
                0x00000000000054e2                __mulsf3_pse
 .text.avr-libc.fplib
                0x000000000000558c        0xc /usr/lib/gcc/avr/4.5.3/../../../avr/lib/avr5/libm.a(sin.o)
                0x000000000000558c                sin
 .text.avr-libc.fplib
                0x0000000000005598       0x84 /usr/lib/gcc/avr/4.5.3/../../../avr/lib/avr5/libm.a(sqrt.o)
                0x00000000000055a0                sqrt
 .text.avr-libc.fplib
                0x000000000000561c        0x6 /usr/lib/gcc/avr/4.5.3/../../../avr/lib/avr5/libm.a(square.o)
                0x000000000000561c                square
 .text.avr-libc.fplib
                0x0000000000005622        0x8 /usr/lib/gcc/avr/4.5.3/../../../avr/lib/avr5/libm.a(unordsf2.o)
                0x0000000000005622                __unordsf2
 .text.avr-libc.fplib
                0x000000000000562a       0x1c /usr/lib/gcc/avr/4.5.3/../../../avr/lib/avr5/libm.a(fp_mpack.o)
                0x000000000000562a                __fp_mpack
                0x000000000000562e                __fp_mpack_finite
 .text.avr-libc.fplib
                0x0000000000005646        0xe /usr/lib/gcc/avr/4.5.3/../../../avr/lib/avr5/libm.a(fp_norm2.o)
                0x0000000000005646                __fp_norm2
 .text.libgcc   0x0000000000005654       0x26 /usr/lib/gcc/avr/4.5.3/avr5/libgcc.a(_divmodhi4.o)
                0x0000000000005654                __divmodhi4
                0x0000000000005654                _div
 .text.libgcc   0x000000000000567a       0x44 /usr/lib/gcc/avr/4.5.3/avr5/libgcc.a(_udivmodsi4.o)
                0x000000000000567a                __udivmodsi4
 .text.libgcc   0x00000000000056be        0x0 /usr/lib/gcc/avr/4.5.3/avr5/libgcc.a(_exit.o)
 .text.libgcc   0x00000000000056be        0x0 /usr/lib/gcc/avr/4.5.3/avr5/libgcc.a(_copy_data.o)
 .text.libgcc   0x00000000000056be        0x0 /usr/lib/gcc/avr/4.5.3/avr5/libgcc.a(_clear_bss.o)
 .text.libgcc   0x00000000000056be        0x0 /usr/lib/gcc/avr/4.5.3/avr5/libgcc.a(_ctors.o)
 .text.libgcc   0x00000000000056be       0x28 /usr/lib/gcc/avr/4.5.3/avr5/libgcc.a(_udivmodhi4.o)
                0x00000000000056be                __udivmodhi4
 .text.libgcc   0x00000000000056e6        0xc /usr/lib/gcc/avr/4.5.3/avr5/libgcc.a(_tablejump.o)
                0x00000000000056e6                __tablejump2__
                0x00000000000056ea                __tablejump__
 .text.avr-libc
                0x00000000000056f2      0x266 /usr/lib/gcc/avr/4.5.3/../../../avr/lib/avr5/libc.a(malloc.o)
                0x00000000000056f2                malloc
                0x0000000000005826                free
 .text.avr-libc
                0x0000000000005958      0x196 /usr/lib/gcc/avr/4.5.3/../../../avr/lib/avr5/libc.a(realloc.o)
                0x0000000000005958                realloc
 .text.avr-libc
                0x0000000000005aee       0x4e /usr/lib/gcc/avr/4.5.3/../../../avr/lib/avr5/libc.a(atol.o)
                0x0000000000005aee                atol
 .text.avr-libc
                0x0000000000005b3c       0x10 /usr/lib/gcc/avr/4.5.3/../../../avr/lib/avr5/libc.a(isspace.o)
                0x0000000000005b3c                isspace
 .text.avr-libc
                0x0000000000005b4c       0x10 /usr/lib/gcc/avr/4.5.3/../../../avr/lib/avr5/libc.a(tolower.o)
                0x0000000000005b4c                tolower
 .text.avr-libc
                0x0000000000005b5c       0x10 /usr/lib/gcc/avr/4.5.3/../../../avr/lib/avr5/libc.a(toupper.o)
                0x0000000000005b5c                toupper
 .text.avr-libc
                0x0000000000005b6c       0x12 /usr/lib/gcc/avr/4.5.3/../../../avr/lib/avr5/libc.a(memcpy.o)
                0x0000000000005b6c                memcpy
 .text.avr-libc
                0x0000000000005b7e       0x24 /usr/lib/gcc/avr/4.5.3/../../../avr/lib/avr5/libc.a(memmove.o)
                0x0000000000005b7e                memmove
 .text.avr-libc
                0x0000000000005ba2       0x16 /usr/lib/gcc/avr/4.5.3/../../../avr/lib/avr5/libc.a(strchr.o)
                0x0000000000005ba2                strchr
 .text.avr-libc
                0x0000000000005bb8       0x12 /usr/lib/gcc/avr/4.5.3/../../../avr/lib/avr5/libc.a(strcmp.o)
                0x0000000000005bb8                strcmp
 .text.avr-libc
                0x0000000000005bca        0xe /usr/lib/gcc/avr/4.5.3/../../../avr/lib/avr5/libc.a(strcpy.o)
                0x0000000000005bca                strcpy
 .text.avr-libc
                0x0000000000005bd8       0x1c /usr/lib/gcc/avr/4.5.3/../../../avr/lib/avr5/libc.a(strncmp.o)
                0x0000000000005bd8                strncmp
 .text.avr-libc
                0x0000000000005bf4       0x1e /usr/lib/gcc/avr/4.5.3/../../../avr/lib/avr5/libc.a(strncpy.o)
                0x0000000000005bf4                strncpy
 .text.avr-libc
                0x0000000000005c12       0x16 /usr/lib/gcc/avr/4.5.3/../../../avr/lib/avr5/libc.a(strrchr.o)
                0x0000000000005c12                strrchr
 .text.avr-libc
                0x0000000000005c28       0x34 /usr/lib/gcc/avr/4.5.3/../../../avr/lib/avr5/libc.a(strstr.o)
                0x0000000000005c28                strstr
 .text.avr-libc
                0x0000000000005c5c       0x42 /usr/lib/gcc/avr/4.5.3/../../../avr/lib/avr5/libc.a(itoa.o)
                0x0000000000005c5c                itoa
 .text.avr-libc
                0x0000000000005c9e       0x68 /usr/lib/gcc/avr/4.5.3/../../../avr/lib/avr5/libc.a(ltoa.o)
                0x0000000000005c9e                ltoa
 .text.avr-libc
                0x0000000000005d06       0x2a /usr/lib/gcc/avr/4.5.3/../../../avr/lib/avr5/libc.a(mulsi10.o)
                0x0000000000005d06                __mulsi_const_10
 .text.avr-libc
                0x0000000000005d30       0x4a /usr/lib/gcc/avr/4.5.3/../../../avr/lib/avr5/libc.a(ultoa.o)
                0x0000000000005d30                ultoa
 .text.avr-libc
                0x0000000000005d7a       0x2c /usr/lib/gcc/avr/4.5.3/../../../avr/lib/avr5/libc.a(utoa.o)
                0x0000000000005d7a                utoa
 .text.avr-libc
                0x0000000000005da6        0x6 /usr/lib/gcc/avr/4.5.3/../../../avr/lib/avr5/libc.a(cty_isfalse.o)
                0x0000000000005da6                __ctype_isfalse
                0x0000000000005daa                __ctype_istrue
 .text.avr-libc
                0x0000000000005dac       0x20 /usr/lib/gcc/avr/4.5.3/../../../avr/lib/avr5/libc.a(strrev.o)
                0x0000000000005dac                strrev
 .text.libgcc   0x0000000000005dcc       0x38 /usr/lib/gcc/avr/4.5.3/avr5/libgcc.a(_prologue.o)
                0x0000000000005dcc                __prologue_saves__
 .text.libgcc   0x0000000000005e04       0x36 /usr/lib/gcc/avr/4.5.3/avr5/libgcc.a(_epilogue.o)
                0x0000000000005e04                __epilogue_restores__
                0x0000000000005e3a                . = ALIGN (0x2)
 *(.fini9)
 .fini9         0x0000000000005e3a        0x0 /usr/lib/gcc/avr/4.5.3/avr5/libgcc.a(_exit.o)
                0x0000000000005e3a                exit
                0x0000000000005e3a                _exit
 *(.fini9)
 *(.fini8)
 *(.fini8)
 *(.fini7)
 *(.fini7)
 *(.fini6)
 *(.fini6)
 *(.fini5)
 *(.fini5)
 *(.fini4)
 *(.fini4)
 *(.fini3)
 *(.fini3)
 *(.fini2)
 *(.fini2)
 *(.fini1)
 *(.fini1)
 *(.fini0)
 .fini0         0x0000000000005e3a        0x4 /usr/lib/gcc/avr/4.5.3/avr5/libgcc.a(_exit.o)
 *(.fini0)
                0x0000000000005e3e                _etext = .

.data           0x0000000000800100       0xe4 load address 0x0000000000005e3e
                0x0000000000800100                PROVIDE (__data_start, .)
 *(.data)
 .data          0x0000000000800100        0x0 /usr/lib/gcc/avr/4.5.3/../../../avr/lib/avr5/crtm328p.o
 .data          0x0000000000800100       0x28 ./src/main.o
 .data          0x0000000000800128        0x0 /home/siddian/Dropbox/ArduinoWorkspace/arduino_core/328P_16MHz/libarduino_core.a(HardwareSerial.o)
 .data          0x0000000000800128        0xe /home/siddian/Dropbox/ArduinoWorkspace/arduino_core/328P_16MHz/libarduino_core.a(Print.o)
 .data          0x0000000000800136        0x1 /home/siddian/Dropbox/ArduinoWorkspace/arduino_core/328P_16MHz/libarduino_core.a(WString.o)
 .data          0x0000000000800137        0x0 /home/siddian/Dropbox/ArduinoWorkspace/arduino_core/328P_16MHz/libarduino_core.a(main.o)
 .data          0x0000000000800137        0x0 /home/siddian/Dropbox/ArduinoWorkspace/arduino_core/328P_16MHz/libarduino_core.a(new.o)
 .data          0x0000000000800137        0x0 /home/siddian/Dropbox/ArduinoWorkspace/arduino_core/328P_16MHz/libarduino_core.a(wiring.o)
 .data          0x0000000000800137        0x0 /home/siddian/Dropbox/ArduinoWorkspace/arduino_core/328P_16MHz/libarduino_core.a(wiring_digital.o)
 .data          0x0000000000800137        0x0 /home/siddian/Dropbox/ArduinoWorkspace/Wire/328P_16MHz/libWire.a(Wire.o)
 .data          0x0000000000800137        0x0 /home/siddian/Dropbox/ArduinoWorkspace/Wire/328P_16MHz/libWire.a(twi.o)
 .data          0x0000000000800137        0x0 /home/siddian/src/asrp/Arduino/libraries/L3G/Debug/libL3G.a(L3G.o)
 .data          0x0000000000800137        0x0 /home/siddian/src/asrp/Arduino/libraries/LSM303/328P_16MHz/libLSM303.a(LSM303.o)
 .data          0x0000000000800137        0x0 /usr/lib/gcc/avr/4.5.3/../../../avr/lib/avr5/libm.a(addsf3.o)
 .data          0x0000000000800137        0x0 /usr/lib/gcc/avr/4.5.3/../../../avr/lib/avr5/libm.a(addsf3x.o)
 .data          0x0000000000800137        0x0 /usr/lib/gcc/avr/4.5.3/../../../avr/lib/avr5/libm.a(asin.o)
 .data          0x0000000000800137        0x0 /usr/lib/gcc/avr/4.5.3/../../../avr/lib/avr5/libm.a(atan2.o)
 .data          0x0000000000800137        0x0 /usr/lib/gcc/avr/4.5.3/../../../avr/lib/avr5/libm.a(atan.o)
 .data          0x0000000000800137        0x0 /usr/lib/gcc/avr/4.5.3/../../../avr/lib/avr5/libm.a(cmpsf2.o)
 .data          0x0000000000800137        0x0 /usr/lib/gcc/avr/4.5.3/../../../avr/lib/avr5/libm.a(cos.o)
 .data          0x0000000000800137        0x0 /usr/lib/gcc/avr/4.5.3/../../../avr/lib/avr5/libm.a(divsf3.o)
 .data          0x0000000000800137        0x0 /usr/lib/gcc/avr/4.5.3/../../../avr/lib/avr5/libm.a(divsf3x.o)
 .data          0x0000000000800137        0x0 /usr/lib/gcc/avr/4.5.3/../../../avr/lib/avr5/libm.a(fixsfsi.o)
 .data          0x0000000000800137        0x0 /usr/lib/gcc/avr/4.5.3/../../../avr/lib/avr5/libm.a(fixunssfsi.o)
 .data          0x0000000000800137        0x0 /usr/lib/gcc/avr/4.5.3/../../../avr/lib/avr5/libm.a(floatsisf.o)
 .data          0x0000000000800137        0x0 /usr/lib/gcc/avr/4.5.3/../../../avr/lib/avr5/libm.a(fp_arccos.o)
 .data          0x0000000000800137        0x0 /usr/lib/gcc/avr/4.5.3/../../../avr/lib/avr5/libm.a(fp_cmp.o)
 .data          0x0000000000800137        0x0 /usr/lib/gcc/avr/4.5.3/../../../avr/lib/avr5/libm.a(fp_inf.o)
 .data          0x0000000000800137        0x0 /usr/lib/gcc/avr/4.5.3/../../../avr/lib/avr5/libm.a(fp_nan.o)
 .data          0x0000000000800137        0x0 /usr/lib/gcc/avr/4.5.3/../../../avr/lib/avr5/libm.a(fp_powser.o)
 .data          0x0000000000800137        0x0 /usr/lib/gcc/avr/4.5.3/../../../avr/lib/avr5/libm.a(fp_powsodd.o)
 .data          0x0000000000800137        0x0 /usr/lib/gcc/avr/4.5.3/../../../avr/lib/avr5/libm.a(fp_pscA.o)
 .data          0x0000000000800137        0x0 /usr/lib/gcc/avr/4.5.3/../../../avr/lib/avr5/libm.a(fp_pscB.o)
 .data          0x0000000000800137        0x0 /usr/lib/gcc/avr/4.5.3/../../../avr/lib/avr5/libm.a(fp_rempio2.o)
 .data          0x0000000000800137        0x0 /usr/lib/gcc/avr/4.5.3/../../../avr/lib/avr5/libm.a(fp_round.o)
 .data          0x0000000000800137        0x0 /usr/lib/gcc/avr/4.5.3/../../../avr/lib/avr5/libm.a(fp_sinus.o)
 .data          0x0000000000800137        0x0 /usr/lib/gcc/avr/4.5.3/../../../avr/lib/avr5/libm.a(fp_split3.o)
 .data          0x0000000000800137        0x0 /usr/lib/gcc/avr/4.5.3/../../../avr/lib/avr5/libm.a(fp_zero.o)
 .data          0x0000000000800137        0x0 /usr/lib/gcc/avr/4.5.3/../../../avr/lib/avr5/libm.a(gesf2.o)
 .data          0x0000000000800137        0x0 /usr/lib/gcc/avr/4.5.3/../../../avr/lib/avr5/libm.a(inverse.o)
 .data          0x0000000000800137        0x0 /usr/lib/gcc/avr/4.5.3/../../../avr/lib/avr5/libm.a(mulsf3.o)
 .data          0x0000000000800137        0x0 /usr/lib/gcc/avr/4.5.3/../../../avr/lib/avr5/libm.a(mulsf3x.o)
 .data          0x0000000000800137        0x0 /usr/lib/gcc/avr/4.5.3/../../../avr/lib/avr5/libm.a(sin.o)
 .data          0x0000000000800137        0x0 /usr/lib/gcc/avr/4.5.3/../../../avr/lib/avr5/libm.a(sqrt.o)
 .data          0x0000000000800137        0x0 /usr/lib/gcc/avr/4.5.3/../../../avr/lib/avr5/libm.a(square.o)
 .data          0x0000000000800137        0x0 /usr/lib/gcc/avr/4.5.3/../../../avr/lib/avr5/libm.a(unordsf2.o)
 .data          0x0000000000800137        0x0 /usr/lib/gcc/avr/4.5.3/../../../avr/lib/avr5/libm.a(fp_mpack.o)
 .data          0x0000000000800137        0x0 /usr/lib/gcc/avr/4.5.3/../../../avr/lib/avr5/libm.a(fp_norm2.o)
 .data          0x0000000000800137        0x0 /usr/lib/gcc/avr/4.5.3/avr5/libgcc.a(_divmodhi4.o)
 .data          0x0000000000800137        0x0 /usr/lib/gcc/avr/4.5.3/avr5/libgcc.a(_udivmodsi4.o)
 .data          0x0000000000800137        0x0 /usr/lib/gcc/avr/4.5.3/avr5/libgcc.a(_exit.o)
 .data          0x0000000000800137        0x0 /usr/lib/gcc/avr/4.5.3/avr5/libgcc.a(_copy_data.o)
 .data          0x0000000000800137        0x0 /usr/lib/gcc/avr/4.5.3/avr5/libgcc.a(_clear_bss.o)
 .data          0x0000000000800137        0x0 /usr/lib/gcc/avr/4.5.3/avr5/libgcc.a(_ctors.o)
 .data          0x0000000000800137        0x0 /usr/lib/gcc/avr/4.5.3/avr5/libgcc.a(_udivmodhi4.o)
 .data          0x0000000000800137        0x0 /usr/lib/gcc/avr/4.5.3/avr5/libgcc.a(_tablejump.o)
 .data          0x0000000000800137        0x6 /usr/lib/gcc/avr/4.5.3/../../../avr/lib/avr5/libc.a(malloc.o)
                0x0000000000800137                __malloc_margin
                0x0000000000800139                __malloc_heap_start
                0x000000000080013b                __malloc_heap_end
 .data          0x000000000080013d        0x0 /usr/lib/gcc/avr/4.5.3/../../../avr/lib/avr5/libc.a(realloc.o)
 .data          0x000000000080013d        0x0 /usr/lib/gcc/avr/4.5.3/../../../avr/lib/avr5/libc.a(atol.o)
 .data          0x000000000080013d        0x0 /usr/lib/gcc/avr/4.5.3/../../../avr/lib/avr5/libc.a(isspace.o)
 .data          0x000000000080013d        0x0 /usr/lib/gcc/avr/4.5.3/../../../avr/lib/avr5/libc.a(tolower.o)
 .data          0x000000000080013d        0x0 /usr/lib/gcc/avr/4.5.3/../../../avr/lib/avr5/libc.a(toupper.o)
 .data          0x000000000080013d        0x0 /usr/lib/gcc/avr/4.5.3/../../../avr/lib/avr5/libc.a(memcpy.o)
 .data          0x000000000080013d        0x0 /usr/lib/gcc/avr/4.5.3/../../../avr/lib/avr5/libc.a(memmove.o)
 .data          0x000000000080013d        0x0 /usr/lib/gcc/avr/4.5.3/../../../avr/lib/avr5/libc.a(strchr.o)
 .data          0x000000000080013d        0x0 /usr/lib/gcc/avr/4.5.3/../../../avr/lib/avr5/libc.a(strcmp.o)
 .data          0x000000000080013d        0x0 /usr/lib/gcc/avr/4.5.3/../../../avr/lib/avr5/libc.a(strcpy.o)
 .data          0x000000000080013d        0x0 /usr/lib/gcc/avr/4.5.3/../../../avr/lib/avr5/libc.a(strncmp.o)
 .data          0x000000000080013d        0x0 /usr/lib/gcc/avr/4.5.3/../../../avr/lib/avr5/libc.a(strncpy.o)
 .data          0x000000000080013d        0x0 /usr/lib/gcc/avr/4.5.3/../../../avr/lib/avr5/libc.a(strrchr.o)
 .data          0x000000000080013d        0x0 /usr/lib/gcc/avr/4.5.3/../../../avr/lib/avr5/libc.a(strstr.o)
 .data          0x000000000080013d        0x0 /usr/lib/gcc/avr/4.5.3/../../../avr/lib/avr5/libc.a(itoa.o)
 .data          0x000000000080013d        0x0 /usr/lib/gcc/avr/4.5.3/../../../avr/lib/avr5/libc.a(ltoa.o)
 .data          0x000000000080013d        0x0 /usr/lib/gcc/avr/4.5.3/../../../avr/lib/avr5/libc.a(mulsi10.o)
 .data          0x000000000080013d        0x0 /usr/lib/gcc/avr/4.5.3/../../../avr/lib/avr5/libc.a(ultoa.o)
 .data          0x000000000080013d        0x0 /usr/lib/gcc/avr/4.5.3/../../../avr/lib/avr5/libc.a(utoa.o)
 .data          0x000000000080013d        0x0 /usr/lib/gcc/avr/4.5.3/../../../avr/lib/avr5/libc.a(cty_isfalse.o)
 .data          0x000000000080013d        0x0 /usr/lib/gcc/avr/4.5.3/../../../avr/lib/avr5/libc.a(strrev.o)
 .data          0x000000000080013d        0x0 /usr/lib/gcc/avr/4.5.3/avr5/libgcc.a(_prologue.o)
 .data          0x000000000080013d        0x0 /usr/lib/gcc/avr/4.5.3/avr5/libgcc.a(_epilogue.o)
 *(.data*)
 .data.SENSOR_SIGN
                0x000000000080013d       0x12 ./src/main.o
                0x000000000080013d                SENSOR_SIGN
 .data.G_Dt     0x000000000080014f        0x4 ./src/main.o
                0x000000000080014f                G_Dt
 .data.DCM_Matrix
                0x0000000000800153       0x24 ./src/main.o
                0x0000000000800153                DCM_Matrix
 .data.Update_Matrix
                0x0000000000800177       0x24 ./src/main.o
                0x0000000000800177                Update_Matrix
 *(.rodata)
 *(.rodata*)
 .rodata._ZTV14HardwareSerial
                0x000000000080019b       0x10 /home/siddian/Dropbox/ArduinoWorkspace/arduino_core/328P_16MHz/libarduino_core.a(HardwareSerial.o)
                0x000000000080019b                _ZTV14HardwareSerial
 .rodata._ZTV6Stream
                0x00000000008001ab       0x10 /home/siddian/Dropbox/ArduinoWorkspace/arduino_core/328P_16MHz/libarduino_core.a(HardwareSerial.o)
                0x00000000008001ab                _ZTV6Stream
 .rodata._ZTV5Print
                0x00000000008001bb        0x8 /home/siddian/Dropbox/ArduinoWorkspace/arduino_core/328P_16MHz/libarduino_core.a(Print.o)
                0x00000000008001bb                _ZTV5Print
 .rodata._ZTV7TwoWire
                0x00000000008001c3       0x10 /home/siddian/Dropbox/ArduinoWorkspace/Wire/328P_16MHz/libWire.a(Wire.o)
                0x00000000008001c3                _ZTV7TwoWire
 .rodata._ZTV6Stream
                0x00000000008001d3       0x10 /home/siddian/Dropbox/ArduinoWorkspace/Wire/328P_16MHz/libWire.a(Wire.o)
 *(.gnu.linkonce.d*)
                0x00000000008001e4                . = ALIGN (0x2)
 *fill*         0x00000000008001e3        0x1 00
                0x00000000008001e4                _edata = .
                0x00000000008001e4                PROVIDE (__data_end, .)

.bss            0x00000000008001e4      0x2b1
                0x00000000008001e4                PROVIDE (__bss_start, .)
 *(.bss)
 .bss           0x00000000008001e4        0x0 /usr/lib/gcc/avr/4.5.3/../../../avr/lib/avr5/crtm328p.o
 .bss           0x00000000008001e4        0x0 ./src/main.o
 .bss           0x00000000008001e4        0x0 /home/siddian/Dropbox/ArduinoWorkspace/arduino_core/328P_16MHz/libarduino_core.a(HardwareSerial.o)
 .bss           0x00000000008001e4        0x0 /home/siddian/Dropbox/ArduinoWorkspace/arduino_core/328P_16MHz/libarduino_core.a(Print.o)
 .bss           0x00000000008001e4        0x0 /home/siddian/Dropbox/ArduinoWorkspace/arduino_core/328P_16MHz/libarduino_core.a(WString.o)
 .bss           0x00000000008001e4        0x0 /home/siddian/Dropbox/ArduinoWorkspace/arduino_core/328P_16MHz/libarduino_core.a(main.o)
 .bss           0x00000000008001e4        0x0 /home/siddian/Dropbox/ArduinoWorkspace/arduino_core/328P_16MHz/libarduino_core.a(new.o)
 .bss           0x00000000008001e4        0x0 /home/siddian/Dropbox/ArduinoWorkspace/arduino_core/328P_16MHz/libarduino_core.a(wiring.o)
 .bss           0x00000000008001e4        0x0 /home/siddian/Dropbox/ArduinoWorkspace/arduino_core/328P_16MHz/libarduino_core.a(wiring_digital.o)
 .bss           0x00000000008001e4        0x0 /home/siddian/Dropbox/ArduinoWorkspace/Wire/328P_16MHz/libWire.a(Wire.o)
 .bss           0x00000000008001e4        0x0 /home/siddian/Dropbox/ArduinoWorkspace/Wire/328P_16MHz/libWire.a(twi.o)
 .bss           0x00000000008001e4        0x0 /home/siddian/src/asrp/Arduino/libraries/L3G/Debug/libL3G.a(L3G.o)
 .bss           0x00000000008001e4        0x0 /home/siddian/src/asrp/Arduino/libraries/LSM303/328P_16MHz/libLSM303.a(LSM303.o)
 .bss           0x00000000008001e4        0x0 /usr/lib/gcc/avr/4.5.3/../../../avr/lib/avr5/libm.a(addsf3.o)
 .bss           0x00000000008001e4        0x0 /usr/lib/gcc/avr/4.5.3/../../../avr/lib/avr5/libm.a(addsf3x.o)
 .bss           0x00000000008001e4        0x0 /usr/lib/gcc/avr/4.5.3/../../../avr/lib/avr5/libm.a(asin.o)
 .bss           0x00000000008001e4        0x0 /usr/lib/gcc/avr/4.5.3/../../../avr/lib/avr5/libm.a(atan2.o)
 .bss           0x00000000008001e4        0x0 /usr/lib/gcc/avr/4.5.3/../../../avr/lib/avr5/libm.a(atan.o)
 .bss           0x00000000008001e4        0x0 /usr/lib/gcc/avr/4.5.3/../../../avr/lib/avr5/libm.a(cmpsf2.o)
 .bss           0x00000000008001e4        0x0 /usr/lib/gcc/avr/4.5.3/../../../avr/lib/avr5/libm.a(cos.o)
 .bss           0x00000000008001e4        0x0 /usr/lib/gcc/avr/4.5.3/../../../avr/lib/avr5/libm.a(divsf3.o)
 .bss           0x00000000008001e4        0x0 /usr/lib/gcc/avr/4.5.3/../../../avr/lib/avr5/libm.a(divsf3x.o)
 .bss           0x00000000008001e4        0x0 /usr/lib/gcc/avr/4.5.3/../../../avr/lib/avr5/libm.a(fixsfsi.o)
 .bss           0x00000000008001e4        0x0 /usr/lib/gcc/avr/4.5.3/../../../avr/lib/avr5/libm.a(fixunssfsi.o)
 .bss           0x00000000008001e4        0x0 /usr/lib/gcc/avr/4.5.3/../../../avr/lib/avr5/libm.a(floatsisf.o)
 .bss           0x00000000008001e4        0x0 /usr/lib/gcc/avr/4.5.3/../../../avr/lib/avr5/libm.a(fp_arccos.o)
 .bss           0x00000000008001e4        0x0 /usr/lib/gcc/avr/4.5.3/../../../avr/lib/avr5/libm.a(fp_cmp.o)
 .bss           0x00000000008001e4        0x0 /usr/lib/gcc/avr/4.5.3/../../../avr/lib/avr5/libm.a(fp_inf.o)
 .bss           0x00000000008001e4        0x0 /usr/lib/gcc/avr/4.5.3/../../../avr/lib/avr5/libm.a(fp_nan.o)
 .bss           0x00000000008001e4        0x0 /usr/lib/gcc/avr/4.5.3/../../../avr/lib/avr5/libm.a(fp_powser.o)
 .bss           0x00000000008001e4        0x0 /usr/lib/gcc/avr/4.5.3/../../../avr/lib/avr5/libm.a(fp_powsodd.o)
 .bss           0x00000000008001e4        0x0 /usr/lib/gcc/avr/4.5.3/../../../avr/lib/avr5/libm.a(fp_pscA.o)
 .bss           0x00000000008001e4        0x0 /usr/lib/gcc/avr/4.5.3/../../../avr/lib/avr5/libm.a(fp_pscB.o)
 .bss           0x00000000008001e4        0x0 /usr/lib/gcc/avr/4.5.3/../../../avr/lib/avr5/libm.a(fp_rempio2.o)
 .bss           0x00000000008001e4        0x0 /usr/lib/gcc/avr/4.5.3/../../../avr/lib/avr5/libm.a(fp_round.o)
 .bss           0x00000000008001e4        0x0 /usr/lib/gcc/avr/4.5.3/../../../avr/lib/avr5/libm.a(fp_sinus.o)
 .bss           0x00000000008001e4        0x0 /usr/lib/gcc/avr/4.5.3/../../../avr/lib/avr5/libm.a(fp_split3.o)
 .bss           0x00000000008001e4        0x0 /usr/lib/gcc/avr/4.5.3/../../../avr/lib/avr5/libm.a(fp_zero.o)
 .bss           0x00000000008001e4        0x0 /usr/lib/gcc/avr/4.5.3/../../../avr/lib/avr5/libm.a(gesf2.o)
 .bss           0x00000000008001e4        0x0 /usr/lib/gcc/avr/4.5.3/../../../avr/lib/avr5/libm.a(inverse.o)
 .bss           0x00000000008001e4        0x0 /usr/lib/gcc/avr/4.5.3/../../../avr/lib/avr5/libm.a(mulsf3.o)
 .bss           0x00000000008001e4        0x0 /usr/lib/gcc/avr/4.5.3/../../../avr/lib/avr5/libm.a(mulsf3x.o)
 .bss           0x00000000008001e4        0x0 /usr/lib/gcc/avr/4.5.3/../../../avr/lib/avr5/libm.a(sin.o)
 .bss           0x00000000008001e4        0x0 /usr/lib/gcc/avr/4.5.3/../../../avr/lib/avr5/libm.a(sqrt.o)
 .bss           0x00000000008001e4        0x0 /usr/lib/gcc/avr/4.5.3/../../../avr/lib/avr5/libm.a(square.o)
 .bss           0x00000000008001e4        0x0 /usr/lib/gcc/avr/4.5.3/../../../avr/lib/avr5/libm.a(unordsf2.o)
 .bss           0x00000000008001e4        0x0 /usr/lib/gcc/avr/4.5.3/../../../avr/lib/avr5/libm.a(fp_mpack.o)
 .bss           0x00000000008001e4        0x0 /usr/lib/gcc/avr/4.5.3/../../../avr/lib/avr5/libm.a(fp_norm2.o)
 .bss           0x00000000008001e4        0x0 /usr/lib/gcc/avr/4.5.3/avr5/libgcc.a(_divmodhi4.o)
 .bss           0x00000000008001e4        0x0 /usr/lib/gcc/avr/4.5.3/avr5/libgcc.a(_udivmodsi4.o)
 .bss           0x00000000008001e4        0x0 /usr/lib/gcc/avr/4.5.3/avr5/libgcc.a(_exit.o)
 .bss           0x00000000008001e4        0x0 /usr/lib/gcc/avr/4.5.3/avr5/libgcc.a(_copy_data.o)
 .bss           0x00000000008001e4        0x0 /usr/lib/gcc/avr/4.5.3/avr5/libgcc.a(_clear_bss.o)
 .bss           0x00000000008001e4        0x0 /usr/lib/gcc/avr/4.5.3/avr5/libgcc.a(_ctors.o)
 .bss           0x00000000008001e4        0x0 /usr/lib/gcc/avr/4.5.3/avr5/libgcc.a(_udivmodhi4.o)
 .bss           0x00000000008001e4        0x0 /usr/lib/gcc/avr/4.5.3/avr5/libgcc.a(_tablejump.o)